 XInput9_1_0

 Timestamp is 54c23ce1 (Fri Jan 23 13:21:53 2015)

 Preferred load address is 0000000180000000

 Start         Length     Name                   Class
 0001:00000000 00002659H .text$di                CODE
 0001:00002660 0004f2e4H .text$mn                CODE
 0001:00051950 00007bfbH .text$x                 CODE
 0001:00059550 0000132aH .text$yd                CODE
 0002:00000000 00000109H .CRT$XCA                DATA
 0002:00000110 000001e2H .CRT$XCU                DATA
 0002:000002f8 00000109H .CRT$XCZ                DATA
 0002:00000408 00000109H .CRT$XIA                DATA
 0002:00000518 00000109H .CRT$XIAA               DATA
 0002:00000628 00000109H .CRT$XIC                DATA
 0002:00000738 00000109H .CRT$XIZ                DATA
 0002:00000850 00015ddaH .rdata                  DATA
 0002:0001662c 00000181H .rdata$debug            DATA
 0002:000167b0 00000ac0H .rdata$r                DATA
 0002:00017270 00000109H .rtc$IAA                DATA
 0002:00017380 00000205H .rtc$IMZ                DATA
 0002:00017588 00000109H .rtc$IZZ                DATA
 0002:00017698 00000109H .rtc$TAA                DATA
 0002:000177a8 00000205H .rtc$TMZ                DATA
 0002:000179b0 00000109H .rtc$TZZ                DATA
 0002:00017ac0 0000ae13H .xdata                  DATA
 0002:000228e0 00000732H .edata                  DATA
 0003:00000000 00001b47H .data                   DATA
 0003:00001b50 00000598H .data$r                 DATA
 0003:000020f0 00000a40H .bss                    DATA
 0004:00000000 00005df0H .pdata                  DATA
 0005:00000000 00000bc0H .idata$5                DATA
 0005:00000bc0 000000dcH .idata$2                DATA
 0005:00000c9c 00000014H .idata$3                DATA
 0005:00000cb0 00000bc0H .idata$4                DATA
 0005:00001870 00001aabH .idata$6                DATA
 0006:00000000 000001c0H .rsrc$01                DATA
 0006:000001c0 000006d9H .rsrc$02                DATA

  Address         Publics by Value              Rva+Base               Lib:Object

 0000:00000000       __guard_fids_table         0000000000000000     <absolute>
 0000:00000000       __guard_fids_count         0000000000000000     <absolute>
 0000:00000000       __guard_flags              0000000000000000     <absolute>
 0000:00000000       __ImageBase                0000000180000000     <linker-defined>
 0001:00002660       ?ReadConfig@Config@@QEAAXXZ 0000000180003660 f   Config.obj
 0001:00002c00       ?ReadPadConfig@Config@@AEAA_NPEAVController@@AEBV?$basic_string@DU?$char_traits@D@std@@V?$allocator@D@2@@std@@PEAVSWIP@@@Z 0000000180003c00 f   Config.obj
 0001:000031a0       ?ReadPadMapping@Config@@AEAAXPEAVController@@AEBV?$basic_string@DU?$char_traits@D@std@@V?$allocator@D@2@@std@@PEAVSWIP@@@Z 00000001800041a0 f   Config.obj
 0001:00003ad0       ?ParsePrefix@Config@@AEAAXAEBV?$basic_string@DU?$char_traits@D@std@@V?$allocator@D@2@@std@@PEAW4MappingType@1@PEAC@Z 0000000180004ad0 f   Config.obj
 0001:00004190       ??$?0U?$_Tree_node@U?$pair@$$CBV?$basic_string@DU?$char_traits@D@std@@V?$allocator@D@2@@std@@V12@@std@@PEAX@std@@@?$allocator@U_Container_proxy@std@@@std@@QEAA@AEBV?$allocator@U?$_Tree_node@U?$pair@$$CBV?$basic_string@DU?$char_traits@D@std@@V?$allocator@D@2@@std@@V12@@std@@PEAX@std@@@1@@Z 0000000180005190 f i Config.obj
 0001:000041b0       ??$?0U?$_Wrap_alloc@V?$allocator@U?$_Tree_node@U?$pair@$$CBV?$basic_string@DU?$char_traits@D@std@@V?$allocator@D@2@@std@@V12@@std@@PEAX@std@@@std@@@std@@@?$_Wrap_alloc@V?$allocator@U_Container_proxy@std@@@std@@@std@@QEAA@AEBU?$_Wrap_alloc@V?$allocator@U?$_Tree_node@U?$pair@$$CBV?$basic_string@DU?$char_traits@D@std@@V?$allocator@D@2@@std@@V12@@std@@PEAX@std@@@std@@@1@@Z 00000001800051b0 f i Config.obj
 0001:00004200       ??$?8DD@std@@YA_NAEBV?$allocator@D@0@0@Z 0000000180005200 f i Config.obj
 0001:00004220       ??$?8V?$allocator@D@std@@V01@@std@@YA_NAEBU?$_Wrap_alloc@V?$allocator@D@std@@@0@0@Z 0000000180005220 f i Config.obj
 0001:000042a0       ??$?9V?$allocator@D@std@@V01@@std@@YA_NAEBU?$_Wrap_alloc@V?$allocator@D@std@@@0@0@Z 00000001800052a0 f i Config.obj
 0001:00004310       ??$_Allocate@D@std@@YAPEAD_KPEAD@Z 0000000180005310 f i Config.obj
 0001:00004390       ??$_Allocate@U?$_List_node@VSection@SWIP@@PEAX@std@@@std@@YAPEAU?$_List_node@VSection@SWIP@@PEAX@0@_KPEAU10@@Z 0000000180005390 f i Config.obj
 0001:00004420       ??$_Allocate@U_Container_proxy@std@@@std@@YAPEAU_Container_proxy@0@_KPEAU10@@Z 0000000180005420 f i Config.obj
 0001:000044b0       ??$_Allocate@VController@@@std@@YAPEAVController@@_KPEAV1@@Z 00000001800054b0 f i Config.obj
 0001:00004550       ??$_Debug_pointer@D@std@@YAXPEBDPEB_WI@Z 0000000180005550 f i Config.obj
 0001:000045b0       ??$_Debug_pointer@VController@@@std@@YAXPEAVController@@PEB_WI@Z 00000001800055b0 f i Config.obj
 0001:00004610       ??$_Debug_range2@PEAVController@@@std@@YAXPEAVController@@0PEB_WIUrandom_access_iterator_tag@0@@Z 0000000180005610 f i Config.obj
 0001:000046c0       ??$_Debug_range@PEAVController@@@std@@YAXPEAVController@@0PEB_WI@Z 00000001800056c0 f i Config.obj
 0001:00004740       ??$_Destroy_range@U?$_Wrap_alloc@V?$allocator@V?$basic_string@DU?$char_traits@D@std@@V?$allocator@D@2@@std@@@std@@@std@@@std@@YAXPEAV?$basic_string@DU?$char_traits@D@std@@V?$allocator@D@2@@0@0AEAU?$_Wrap_alloc@V?$allocator@V?$basic_string@DU?$char_traits@D@std@@V?$allocator@D@2@@std@@@std@@@0@@Z 0000000180005740 f i Config.obj
 0001:000047c0       ??$_Destroy_range@U?$_Wrap_alloc@V?$allocator@V?$basic_string@DU?$char_traits@D@std@@V?$allocator@D@2@@std@@@std@@@std@@@std@@YAXPEAV?$basic_string@DU?$char_traits@D@std@@V?$allocator@D@2@@0@0AEAU?$_Wrap_alloc@V?$allocator@V?$basic_string@DU?$char_traits@D@std@@V?$allocator@D@2@@std@@@std@@@0@U_Nonscalar_ptr_iterator_tag@0@@Z 00000001800057c0 f i Config.obj
 0001:00004840       ??$_Destroy_range@U?$_Wrap_alloc@V?$allocator@VController@@@std@@@std@@@std@@YAXPEAVController@@0AEAU?$_Wrap_alloc@V?$allocator@VController@@@std@@@0@@Z 0000000180005840 f i Config.obj
 0001:000048c0       ??$_Destroy_range@U?$_Wrap_alloc@V?$allocator@VController@@@std@@@std@@@std@@YAXPEAVController@@0AEAU?$_Wrap_alloc@V?$allocator@VController@@@std@@@0@U_Nonscalar_ptr_iterator_tag@0@@Z 00000001800058c0 f i Config.obj
 0001:00004940       ??$_Destroy_range@U?$_Wrap_alloc@V?$allocator@VInputHookDevice@@@std@@@std@@@std@@YAXPEAVInputHookDevice@@0AEAU?$_Wrap_alloc@V?$allocator@VInputHookDevice@@@std@@@0@@Z 0000000180005940 f i Config.obj
 0001:000049c0       ??$_Destroy_range@U?$_Wrap_alloc@V?$allocator@VInputHookDevice@@@std@@@std@@@std@@YAXPEAVInputHookDevice@@0AEAU?$_Wrap_alloc@V?$allocator@VInputHookDevice@@@std@@@0@U_Nonscalar_ptr_iterator_tag@0@@Z 00000001800059c0 f i Config.obj
 0001:00004a40       ??$_Iter_cat@PEAVController@@@std@@YA?AUrandom_access_iterator_tag@0@AEBQEAVController@@@Z 0000000180005a40 f i Config.obj
 0001:00004ab0       ??$_Move@AEAD@std@@YA$$QEADAEAD@Z 0000000180005ab0 f i Config.obj
 0001:00004ac0       ??$_Ptr_cat@V?$basic_string@DU?$char_traits@D@std@@V?$allocator@D@2@@std@@V12@@std@@YA?AU_Nonscalar_ptr_iterator_tag@0@PEAV?$basic_string@DU?$char_traits@D@std@@V?$allocator@D@2@@0@0@Z 0000000180005ac0 f i Config.obj
 0001:00004b20       ??$_Ptr_cat@VController@@V1@@std@@YA?AU_Nonscalar_ptr_iterator_tag@0@PEAVController@@0@Z 0000000180005b20 f i Config.obj
 0001:00004b80       ??$_Ptr_cat@VInputHookDevice@@V1@@std@@YA?AU_Nonscalar_ptr_iterator_tag@0@PEAVInputHookDevice@@0@Z 0000000180005b80 f i Config.obj
 0001:00004be0       ??$_Rechecked@PEAVController@@PEAV1@@std@@YAAEAPEAVController@@AEAPEAV1@PEAV1@@Z 0000000180005be0 f i Config.obj
 0001:00004c10       ??$_Umove@PEAVController@@@?$vector@VController@@V?$allocator@VController@@@std@@@std@@IEAAPEAVController@@PEAV2@00@Z 0000000180005c10 f i Config.obj
 0001:00004cc0       ??$_Unchecked@PEAVController@@@std@@YAPEAVController@@PEAV1@@Z 0000000180005cc0 f i Config.obj
 0001:00004cd0       ??$_Uninit_move@PEAVController@@PEAV1@U?$_Wrap_alloc@V?$allocator@VController@@@std@@@std@@@std@@YAPEAVController@@PEAV1@00AEAU?$_Wrap_alloc@V?$allocator@VController@@@std@@@0@@Z 0000000180005cd0 f i Config.obj
 0001:00004d70       ??$_Uninit_move@PEAVController@@PEAV1@V?$allocator@VController@@@std@@V1@@std@@YAPEAVController@@PEAV1@00AEAU?$_Wrap_alloc@V?$allocator@VController@@@std@@@0@0U_Nonscalar_ptr_iterator_tag@0@@Z 0000000180005d70 f i Config.obj
 0001:00004e70       ??$_Uninitialized_move@PEAVController@@PEAV1@U?$_Wrap_alloc@V?$allocator@VController@@@std@@@std@@@std@@YAPEAVController@@PEAV1@00AEAU?$_Wrap_alloc@V?$allocator@VController@@@std@@@0@@Z 0000000180005e70 f i Config.obj
 0001:00004f20       ??$_Val_type@PEAVController@@@std@@YAPEAVController@@PEAV1@@Z 0000000180005f20 f i Config.obj
 0001:00004f30       ??$addressof@D@std@@YAPEADAEAD@Z 0000000180005f30 f i Config.obj
 0001:00004f40       ??$addressof@PEAU?$_List_node@VSection@SWIP@@PEAX@std@@@std@@YAPEAPEAU?$_List_node@VSection@SWIP@@PEAX@0@AEAPEAU10@@Z 0000000180005f40 f i Config.obj
 0001:00004f50       ??$addressof@PEAU?$_Tree_node@U?$pair@$$CBV?$basic_string@DU?$char_traits@D@std@@V?$allocator@D@2@@std@@V12@@std@@PEAX@std@@@std@@YAPEAPEAU?$_Tree_node@U?$pair@$$CBV?$basic_string@DU?$char_traits@D@std@@V?$allocator@D@2@@std@@V12@@std@@PEAX@0@AEAPEAU10@@Z 0000000180005f50 f i Config.obj
 0001:00004f60       ??$addressof@U?$pair@$$CBV?$basic_string@DU?$char_traits@D@std@@V?$allocator@D@2@@std@@V12@@std@@@std@@YAPEAU?$pair@$$CBV?$basic_string@DU?$char_traits@D@std@@V?$allocator@D@2@@std@@V12@@0@AEAU10@@Z 0000000180005f60 f i Config.obj
 0001:00004f70       ??$addressof@VController@@@std@@YAPEAVController@@AEAV1@@Z 0000000180005f70 f i Config.obj
 0001:00004f80       ??$addressof@VSection@SWIP@@@std@@YAPEAVSection@SWIP@@AEAV12@@Z 0000000180005f80 f i Config.obj
 0001:00004f90       ??$assign@V?$_String_iterator@V?$_String_val@U?$_Simple_types@D@std@@@std@@@std@@@?$basic_string@DU?$char_traits@D@std@@V?$allocator@D@2@@std@@QEAAAEAV01@V?$_String_iterator@V?$_String_val@U?$_Simple_types@D@std@@@std@@@1@0@Z 0000000180005f90 f i Config.obj
 0001:000051f0       ??$construct@PEADAEAPEAD@?$_Wrap_alloc@V?$allocator@D@std@@@std@@QEAAXPEAPEADAEAPEAD@Z 00000001800061f0 f i Config.obj
 0001:00005250       ??$construct@PEADAEAPEAD@?$allocator@D@std@@QEAAXPEAPEADAEAPEAD@Z 0000000180006250 f i Config.obj
 0001:00005300       ??$construct@PEADAEAPEAD@?$allocator_traits@V?$allocator@D@std@@@std@@SAXAEAV?$allocator@D@1@PEAPEADAEAPEAD@Z 0000000180006300 f i Config.obj
 0001:00005360       ??$construct@PEAU?$_List_node@VSection@SWIP@@PEAX@std@@AEAPEAU12@@?$_Wrap_alloc@V?$allocator@U?$_List_node@VSection@SWIP@@PEAX@std@@@std@@@std@@QEAAXPEAPEAU?$_List_node@VSection@SWIP@@PEAX@1@AEAPEAU21@@Z 0000000180006360 f i Config.obj
 0001:000053c0       ??$construct@PEAU?$_List_node@VSection@SWIP@@PEAX@std@@AEAPEAU12@@?$allocator@U?$_List_node@VSection@SWIP@@PEAX@std@@@std@@QEAAXPEAPEAU?$_List_node@VSection@SWIP@@PEAX@1@AEAPEAU21@@Z 00000001800063c0 f i Config.obj
 0001:00005470       ??$construct@PEAU?$_List_node@VSection@SWIP@@PEAX@std@@AEAPEAU12@@?$allocator_traits@V?$allocator@U?$_List_node@VSection@SWIP@@PEAX@std@@@std@@@std@@SAXAEAV?$allocator@U?$_List_node@VSection@SWIP@@PEAX@std@@@1@PEAPEAU?$_List_node@VSection@SWIP@@PEAX@1@AEAPEAU31@@Z 0000000180006470 f i Config.obj
 0001:000054d0       ??$construct@U_Container_proxy@std@@U12@@?$_Wrap_alloc@V?$allocator@U_Container_proxy@std@@@std@@@std@@QEAAXPEAU_Container_proxy@1@$$QEAU21@@Z 00000001800064d0 f i Config.obj
 0001:00005530       ??$construct@U_Container_proxy@std@@U12@@?$allocator@U_Container_proxy@std@@@std@@QEAAXPEAU_Container_proxy@1@$$QEAU21@@Z 0000000180006530 f i Config.obj
 0001:000055e0       ??$construct@U_Container_proxy@std@@U12@@?$allocator_traits@V?$allocator@U_Container_proxy@std@@@std@@@std@@SAXAEAV?$allocator@U_Container_proxy@std@@@1@PEAU_Container_proxy@1@$$QEAU31@@Z 00000001800065e0 f i Config.obj
 0001:00005640       ??$construct@VController@@V1@@?$_Wrap_alloc@V?$allocator@VController@@@std@@@std@@QEAAXPEAVController@@$$QEAV2@@Z 0000000180006640 f i Config.obj
 0001:000056a0       ??$construct@VController@@V1@@?$allocator@VController@@@std@@QEAAXPEAVController@@$$QEAV2@@Z 00000001800066a0 f i Config.obj
 0001:00005750       ??$construct@VController@@V1@@?$allocator_traits@V?$allocator@VController@@@std@@@std@@SAXAEAV?$allocator@VController@@@1@PEAVController@@$$QEAV3@@Z 0000000180006750 f i Config.obj
 0001:000057b0       ??$destroy@PEAD@?$_Wrap_alloc@V?$allocator@D@std@@@std@@QEAAXPEAPEAD@Z 00000001800067b0 f i Config.obj
 0001:00005800       ??$destroy@PEAD@?$allocator@D@std@@QEAAXPEAPEAD@Z 0000000180006800 f i Config.obj
 0001:00005810       ??$destroy@PEAD@?$allocator_traits@V?$allocator@D@std@@@std@@SAXAEAV?$allocator@D@1@PEAPEAD@Z 0000000180006810 f i Config.obj
 0001:00005860       ??$destroy@PEAU?$_List_node@VSection@SWIP@@PEAX@std@@@?$_Wrap_alloc@V?$allocator@U?$_List_node@VSection@SWIP@@PEAX@std@@@std@@@std@@QEAAXPEAPEAU?$_List_node@VSection@SWIP@@PEAX@1@@Z 0000000180006860 f i Config.obj
 0001:000058b0       ??$destroy@PEAU?$_List_node@VSection@SWIP@@PEAX@std@@@?$allocator@U?$_List_node@VSection@SWIP@@PEAX@std@@@std@@QEAAXPEAPEAU?$_List_node@VSection@SWIP@@PEAX@1@@Z 00000001800068b0 f i Config.obj
 0001:000058c0       ??$destroy@PEAU?$_List_node@VSection@SWIP@@PEAX@std@@@?$allocator_traits@V?$allocator@U?$_List_node@VSection@SWIP@@PEAX@std@@@std@@@std@@SAXAEAV?$allocator@U?$_List_node@VSection@SWIP@@PEAX@std@@@1@PEAPEAU?$_List_node@VSection@SWIP@@PEAX@1@@Z 00000001800068c0 f i Config.obj
 0001:00005910       ??$destroy@PEAU?$_Tree_node@U?$pair@$$CBV?$basic_string@DU?$char_traits@D@std@@V?$allocator@D@2@@std@@V12@@std@@PEAX@std@@@?$_Wrap_alloc@V?$allocator@U?$_Tree_node@U?$pair@$$CBV?$basic_string@DU?$char_traits@D@std@@V?$allocator@D@2@@std@@V12@@std@@PEAX@std@@@std@@@std@@QEAAXPEAPEAU?$_Tree_node@U?$pair@$$CBV?$basic_string@DU?$char_traits@D@std@@V?$allocator@D@2@@std@@V12@@std@@PEAX@1@@Z 0000000180006910 f i Config.obj
 0001:00005960       ??$destroy@PEAU?$_Tree_node@U?$pair@$$CBV?$basic_string@DU?$char_traits@D@std@@V?$allocator@D@2@@std@@V12@@std@@PEAX@std@@@?$allocator@U?$_Tree_node@U?$pair@$$CBV?$basic_string@DU?$char_traits@D@std@@V?$allocator@D@2@@std@@V12@@std@@PEAX@std@@@std@@QEAAXPEAPEAU?$_Tree_node@U?$pair@$$CBV?$basic_string@DU?$char_traits@D@std@@V?$allocator@D@2@@std@@V12@@std@@PEAX@1@@Z 0000000180006960 f i Config.obj
 0001:00005970       ??$destroy@PEAU?$_Tree_node@U?$pair@$$CBV?$basic_string@DU?$char_traits@D@std@@V?$allocator@D@2@@std@@V12@@std@@PEAX@std@@@?$allocator_traits@V?$allocator@U?$_Tree_node@U?$pair@$$CBV?$basic_string@DU?$char_traits@D@std@@V?$allocator@D@2@@std@@V12@@std@@PEAX@std@@@std@@@std@@SAXAEAV?$allocator@U?$_Tree_node@U?$pair@$$CBV?$basic_string@DU?$char_traits@D@std@@V?$allocator@D@2@@std@@V12@@std@@PEAX@std@@@1@PEAPEAU?$_Tree_node@U?$pair@$$CBV?$basic_string@DU?$char_traits@D@std@@V?$allocator@D@2@@std@@V12@@std@@PEAX@1@@Z 0000000180006970 f i Config.obj
 0001:000059c0       ??$destroy@U?$pair@$$CBV?$basic_string@DU?$char_traits@D@std@@V?$allocator@D@2@@std@@V12@@std@@@?$_Wrap_alloc@V?$allocator@U?$_Tree_node@U?$pair@$$CBV?$basic_string@DU?$char_traits@D@std@@V?$allocator@D@2@@std@@V12@@std@@PEAX@std@@@std@@@std@@QEAAXPEAU?$pair@$$CBV?$basic_string@DU?$char_traits@D@std@@V?$allocator@D@2@@std@@V12@@1@@Z 00000001800069c0 f i Config.obj
 0001:00005a10       ??$destroy@U?$pair@$$CBV?$basic_string@DU?$char_traits@D@std@@V?$allocator@D@2@@std@@V12@@std@@@?$allocator@U?$_Tree_node@U?$pair@$$CBV?$basic_string@DU?$char_traits@D@std@@V?$allocator@D@2@@std@@V12@@std@@PEAX@std@@@std@@QEAAXPEAU?$pair@$$CBV?$basic_string@DU?$char_traits@D@std@@V?$allocator@D@2@@std@@V12@@1@@Z 0000000180006a10 f i Config.obj
 0001:00005a60       ??$destroy@U?$pair@$$CBV?$basic_string@DU?$char_traits@D@std@@V?$allocator@D@2@@std@@V12@@std@@@?$allocator_traits@V?$allocator@U?$_Tree_node@U?$pair@$$CBV?$basic_string@DU?$char_traits@D@std@@V?$allocator@D@2@@std@@V12@@std@@PEAX@std@@@std@@@std@@SAXAEAV?$allocator@U?$_Tree_node@U?$pair@$$CBV?$basic_string@DU?$char_traits@D@std@@V?$allocator@D@2@@std@@V12@@std@@PEAX@std@@@1@PEAU?$pair@$$CBV?$basic_string@DU?$char_traits@D@std@@V?$allocator@D@2@@std@@V12@@1@@Z 0000000180006a60 f i Config.obj
 0001:00005ab0       ??$destroy@U_Container_proxy@std@@@?$_Wrap_alloc@V?$allocator@U_Container_proxy@std@@@std@@@std@@QEAAXPEAU_Container_proxy@1@@Z 0000000180006ab0 f i Config.obj
 0001:00005b00       ??$destroy@U_Container_proxy@std@@@?$allocator@U_Container_proxy@std@@@std@@QEAAXPEAU_Container_proxy@1@@Z 0000000180006b00 f i Config.obj
 0001:00005b10       ??$destroy@U_Container_proxy@std@@@?$allocator_traits@V?$allocator@U_Container_proxy@std@@@std@@@std@@SAXAEAV?$allocator@U_Container_proxy@std@@@1@PEAU_Container_proxy@1@@Z 0000000180006b10 f i Config.obj
 0001:00005b60       ??$destroy@V?$basic_string@DU?$char_traits@D@std@@V?$allocator@D@2@@std@@@?$_Wrap_alloc@V?$allocator@V?$basic_string@DU?$char_traits@D@std@@V?$allocator@D@2@@std@@@std@@@std@@QEAAXPEAV?$basic_string@DU?$char_traits@D@std@@V?$allocator@D@2@@1@@Z 0000000180006b60 f i Config.obj
 0001:00005bb0       ??$destroy@V?$basic_string@DU?$char_traits@D@std@@V?$allocator@D@2@@std@@@?$allocator@V?$basic_string@DU?$char_traits@D@std@@V?$allocator@D@2@@std@@@std@@QEAAXPEAV?$basic_string@DU?$char_traits@D@std@@V?$allocator@D@2@@1@@Z 0000000180006bb0 f i Config.obj
 0001:00005c00       ??$destroy@V?$basic_string@DU?$char_traits@D@std@@V?$allocator@D@2@@std@@@?$allocator_traits@V?$allocator@V?$basic_string@DU?$char_traits@D@std@@V?$allocator@D@2@@std@@@std@@@std@@SAXAEAV?$allocator@V?$basic_string@DU?$char_traits@D@std@@V?$allocator@D@2@@std@@@1@PEAV?$basic_string@DU?$char_traits@D@std@@V?$allocator@D@2@@1@@Z 0000000180006c00 f i Config.obj
 0001:00005c50       ??$destroy@VController@@@?$_Wrap_alloc@V?$allocator@VController@@@std@@@std@@QEAAXPEAVController@@@Z 0000000180006c50 f i Config.obj
 0001:00005ca0       ??$destroy@VController@@@?$allocator@VController@@@std@@QEAAXPEAVController@@@Z 0000000180006ca0 f i Config.obj
 0001:00005cf0       ??$destroy@VController@@@?$allocator_traits@V?$allocator@VController@@@std@@@std@@SAXAEAV?$allocator@VController@@@1@PEAVController@@@Z 0000000180006cf0 f i Config.obj
 0001:00005d40       ??$destroy@VInputHookDevice@@@?$_Wrap_alloc@V?$allocator@VInputHookDevice@@@std@@@std@@QEAAXPEAVInputHookDevice@@@Z 0000000180006d40 f i Config.obj
 0001:00005d90       ??$destroy@VInputHookDevice@@@?$allocator@VInputHookDevice@@@std@@QEAAXPEAVInputHookDevice@@@Z 0000000180006d90 f i Config.obj
 0001:00005de0       ??$destroy@VInputHookDevice@@@?$allocator_traits@V?$allocator@VInputHookDevice@@@std@@@std@@SAXAEAV?$allocator@VInputHookDevice@@@1@PEAVInputHookDevice@@@Z 0000000180006de0 f i Config.obj
 0001:00005e30       ??$destroy@VSection@SWIP@@@?$_Wrap_alloc@V?$allocator@U?$_List_node@VSection@SWIP@@PEAX@std@@@std@@@std@@QEAAXPEAVSection@SWIP@@@Z 0000000180006e30 f i Config.obj
 0001:00005e80       ??$destroy@VSection@SWIP@@@?$allocator@U?$_List_node@VSection@SWIP@@PEAX@std@@@std@@QEAAXPEAVSection@SWIP@@@Z 0000000180006e80 f i Config.obj
 0001:00005ed0       ??$destroy@VSection@SWIP@@@?$allocator_traits@V?$allocator@U?$_List_node@VSection@SWIP@@PEAX@std@@@std@@@std@@SAXAEAV?$allocator@U?$_List_node@VSection@SWIP@@PEAX@std@@@1@PEAVSection@SWIP@@@Z 0000000180006ed0 f i Config.obj
 0001:00005f20       ??$forward@AEAPEAD@std@@YAAEAPEADAEAPEAD@Z 0000000180006f20 f i Config.obj
 0001:00005f30       ??$forward@AEAPEAU?$_List_node@VSection@SWIP@@PEAX@std@@@std@@YAAEAPEAU?$_List_node@VSection@SWIP@@PEAX@0@AEAPEAU10@@Z 0000000180006f30 f i Config.obj
 0001:00005f40       ??$forward@U_Container_proxy@std@@@std@@YA$$QEAU_Container_proxy@0@AEAU10@@Z 0000000180006f40 f i Config.obj
 0001:00005f50       ??$forward@V?$basic_string@DU?$char_traits@D@std@@V?$allocator@D@2@@std@@@std@@YA$$QEAV?$basic_string@DU?$char_traits@D@std@@V?$allocator@D@2@@0@AEAV10@@Z 0000000180006f50 f i Config.obj
 0001:00005f60       ??$forward@VController@@@std@@YA$$QEAVController@@AEAV1@@Z 0000000180006f60 f i Config.obj
 0001:00005f70       ??$swap@D@std@@YAXAEAD0@Z  0000000180006f70 f i Config.obj
 0001:00006020       ??0?$_Iterator012@Ubidirectional_iterator_tag@std@@U?$pair@$$CBV?$basic_string@DU?$char_traits@D@std@@V?$allocator@D@2@@std@@V12@@2@_JPEBU32@AEBU32@U_Iterator_base12@2@@std@@QEAA@AEBU01@@Z 0000000180007020 f i Config.obj
 0001:00006070       ??0?$_Iterator012@Ubidirectional_iterator_tag@std@@U?$pair@$$CBV?$basic_string@DU?$char_traits@D@std@@V?$allocator@D@2@@std@@V12@@2@_JPEBU32@AEBU32@U_Iterator_base12@2@@std@@QEAA@XZ 0000000180007070 f i Config.obj
 0001:000060b0       ??0?$_Iterator012@Urandom_access_iterator_tag@std@@D_JPEBDAEBDU_Iterator_base12@2@@std@@QEAA@AEBU01@@Z 00000001800070b0 f i Config.obj
 0001:00006100       ??0?$_Iterator012@Urandom_access_iterator_tag@std@@D_JPEBDAEBDU_Iterator_base12@2@@std@@QEAA@XZ 0000000180007100 f i Config.obj
 0001:00006140       ??0?$_Iterator012@Urandom_access_iterator_tag@std@@VController@@_JPEBV3@AEBV3@U_Iterator_base12@2@@std@@QEAA@AEBU01@@Z 0000000180007140 f i Config.obj
 0001:00006190       ??0?$_Iterator012@Urandom_access_iterator_tag@std@@VController@@_JPEBV3@AEBV3@U_Iterator_base12@2@@std@@QEAA@XZ 0000000180007190 f i Config.obj
 0001:000061d0       ??0?$_List_alloc@$0A@U?$_List_base_types@VSection@SWIP@@V?$allocator@VSection@SWIP@@@std@@@std@@@std@@QEAA@AEBV?$allocator@VSection@SWIP@@@1@@Z 00000001800071d0 f i Config.obj
 0001:00006250       ??0?$_List_buy@VSection@SWIP@@V?$allocator@VSection@SWIP@@@std@@@std@@QEAA@AEBV?$allocator@VSection@SWIP@@@1@@Z 0000000180007250 f i Config.obj
 0001:000062a0       ??0?$_List_val@U?$_List_simple_types@VSection@SWIP@@@std@@@std@@QEAA@XZ 00000001800072a0 f i Config.obj
 0001:00006310       ??0?$_String_alloc@$0A@U?$_String_base_types@DV?$allocator@D@std@@@std@@@std@@QEAA@AEBV?$allocator@D@1@@Z 0000000180007310 f i Config.obj
 0001:00006370       ??0?$_String_const_iterator@V?$_String_val@U?$_Simple_types@D@std@@@std@@@std@@QEAA@AEBV01@@Z 0000000180007370 f i Config.obj
 0001:000063e0       ??0?$_String_const_iterator@V?$_String_val@U?$_Simple_types@D@std@@@std@@@std@@QEAA@PEBDPEBU_Container_base12@1@@Z 00000001800073e0 f i Config.obj
 0001:00006460       ??0?$_String_iterator@V?$_String_val@U?$_Simple_types@D@std@@@std@@@std@@QEAA@AEBV01@@Z 0000000180007460 f i Config.obj
 0001:000064b0       ??0?$_String_iterator@V?$_String_val@U?$_Simple_types@D@std@@@std@@@std@@QEAA@PEADPEBU_Container_base12@1@@Z 00000001800074b0 f i Config.obj
 0001:00006510       ??0?$_String_val@U?$_Simple_types@D@std@@@std@@QEAA@XZ 0000000180007510 f i Config.obj
 0001:00006580       ??0?$_Tree_const_iterator@V?$_Tree_val@U?$_Tree_simple_types@U?$pair@$$CBV?$basic_string@DU?$char_traits@D@std@@V?$allocator@D@2@@std@@V12@@std@@@std@@@std@@@std@@QEAA@AEBV01@@Z 0000000180007580 f i Config.obj
 0001:000065d0       ??0?$_Tree_const_iterator@V?$_Tree_val@U?$_Tree_simple_types@U?$pair@$$CBV?$basic_string@DU?$char_traits@D@std@@V?$allocator@D@2@@std@@V12@@std@@@std@@@std@@@std@@QEAA@PEAU?$_Tree_node@U?$pair@$$CBV?$basic_string@DU?$char_traits@D@std@@V?$allocator@D@2@@std@@V12@@std@@PEAX@1@PEBV?$_Tree_val@U?$_Tree_simple_types@U?$pair@$$CBV?$basic_string@DU?$char_traits@D@std@@V?$allocator@D@2@@std@@V12@@std@@@std@@@1@@Z 00000001800075d0 f i Config.obj
 0001:00006630       ??0?$_Tree_iterator@V?$_Tree_val@U?$_Tree_simple_types@U?$pair@$$CBV?$basic_string@DU?$char_traits@D@std@@V?$allocator@D@2@@std@@V12@@std@@@std@@@std@@@std@@QEAA@PEAU?$_Tree_node@U?$pair@$$CBV?$basic_string@DU?$char_traits@D@std@@V?$allocator@D@2@@std@@V12@@std@@PEAX@1@PEBV?$_Tree_val@U?$_Tree_simple_types@U?$pair@$$CBV?$basic_string@DU?$char_traits@D@std@@V?$allocator@D@2@@std@@V12@@std@@@std@@@1@@Z 0000000180007630 f i Config.obj
 0001:00006690       ??0?$_Tree_unchecked_const_iterator@V?$_Tree_val@U?$_Tree_simple_types@U?$pair@$$CBV?$basic_string@DU?$char_traits@D@std@@V?$allocator@D@2@@std@@V12@@std@@@std@@@std@@U_Iterator_base12@2@@std@@QEAA@AEBV01@@Z 0000000180007690 f i Config.obj
 0001:00006700       ??0?$_Tree_unchecked_const_iterator@V?$_Tree_val@U?$_Tree_simple_types@U?$pair@$$CBV?$basic_string@DU?$char_traits@D@std@@V?$allocator@D@2@@std@@V12@@std@@@std@@@std@@U_Iterator_base12@2@@std@@QEAA@PEAU?$_Tree_node@U?$pair@$$CBV?$basic_string@DU?$char_traits@D@std@@V?$allocator@D@2@@std@@V12@@std@@PEAX@1@PEBV?$_Tree_val@U?$_Tree_simple_types@U?$pair@$$CBV?$basic_string@DU?$char_traits@D@std@@V?$allocator@D@2@@std@@V12@@std@@@std@@@1@@Z 0000000180007700 f i Config.obj
 0001:00006780       ??0?$_Unique_ptr_base@DU?$default_delete@$$BY0A@D@std@@$00@std@@QEAA@PEAD@Z 0000000180007780 f i Config.obj
 0001:000067e0       ??0?$_Vector_alloc@$0A@U?$_Vec_base_types@VController@@V?$allocator@VController@@@std@@@std@@@std@@QEAA@AEBV?$allocator@VController@@@1@@Z 00000001800077e0 f i Config.obj
 0001:00006840       ??0?$_Vector_const_iterator@V?$_Vector_val@U?$_Simple_types@VController@@@std@@@std@@@std@@QEAA@AEBV01@@Z 0000000180007840 f i Config.obj
 0001:000068b0       ??0?$_Vector_const_iterator@V?$_Vector_val@U?$_Simple_types@VController@@@std@@@std@@@std@@QEAA@PEAVController@@PEBU_Container_base12@1@@Z 00000001800078b0 f i Config.obj
 0001:00006930       ??0?$_Vector_iterator@V?$_Vector_val@U?$_Simple_types@VController@@@std@@@std@@@std@@QEAA@AEBV01@@Z 0000000180007930 f i Config.obj
 0001:00006980       ??0?$_Vector_iterator@V?$_Vector_val@U?$_Simple_types@VController@@@std@@@std@@@std@@QEAA@PEAVController@@PEBU_Container_base12@1@@Z 0000000180007980 f i Config.obj
 0001:000069e0       ??0?$_Vector_val@U?$_Simple_types@VController@@@std@@@std@@QEAA@XZ 00000001800079e0 f i Config.obj
 0001:00006a60       ??0?$_Wrap_alloc@V?$allocator@D@std@@@std@@QEAA@XZ 0000000180007a60 f i Config.obj
 0001:00006aa0       ??0?$_Wrap_alloc@V?$allocator@U?$_List_node@VSection@SWIP@@PEAX@std@@@std@@@std@@QEAA@XZ 0000000180007aa0 f i Config.obj
 0001:00006ae0       ??0?$_Wrap_alloc@V?$allocator@U?$_Tree_node@U?$pair@$$CBV?$basic_string@DU?$char_traits@D@std@@V?$allocator@D@2@@std@@V12@@std@@PEAX@std@@@std@@@std@@QEAA@XZ 0000000180007ae0 f i Config.obj
 0001:00006b20       ??0?$_Wrap_alloc@V?$allocator@U_Container_proxy@std@@@std@@@std@@QEAA@XZ 0000000180007b20 f i Config.obj
 0001:00006b60       ??0?$_Wrap_alloc@V?$allocator@V?$basic_string@DU?$char_traits@D@std@@V?$allocator@D@2@@std@@@std@@@std@@QEAA@XZ 0000000180007b60 f i Config.obj
 0001:00006ba0       ??0?$_Wrap_alloc@V?$allocator@VController@@@std@@@std@@QEAA@XZ 0000000180007ba0 f i Config.obj
 0001:00006be0       ??0?$_Wrap_alloc@V?$allocator@VInputHookDevice@@@std@@@std@@QEAA@XZ 0000000180007be0 f i Config.obj
 0001:00006c20       ??0?$allocator@D@std@@QEAA@AEBV01@@Z 0000000180007c20 f i Config.obj
 0001:00006c40       ??0?$allocator@D@std@@QEAA@XZ 0000000180007c40 f i Config.obj
 0001:00006c50       ??0?$allocator@U?$_List_node@VSection@SWIP@@PEAX@std@@@std@@QEAA@XZ 0000000180007c50 f i Config.obj
 0001:00006c60       ??0?$allocator@U?$_Tree_node@U?$pair@$$CBV?$basic_string@DU?$char_traits@D@std@@V?$allocator@D@2@@std@@V12@@std@@PEAX@std@@@std@@QEAA@XZ 0000000180007c60 f i Config.obj
 0001:00006c70       ??0?$allocator@U_Container_proxy@std@@@std@@QEAA@XZ 0000000180007c70 f i Config.obj
 0001:00006c80       ??0?$allocator@V?$basic_string@DU?$char_traits@D@std@@V?$allocator@D@2@@std@@@std@@QEAA@XZ 0000000180007c80 f i Config.obj
 0001:00006c90       ??0?$allocator@VController@@@std@@QEAA@XZ 0000000180007c90 f i Config.obj
 0001:00006ca0       ??0?$allocator@VInputHookDevice@@@std@@QEAA@XZ 0000000180007ca0 f i Config.obj
 0001:00006cb0       ??0?$allocator@VSection@SWIP@@@std@@QEAA@XZ 0000000180007cb0 f i Config.obj
 0001:00006cc0       ??0?$basic_string@DU?$char_traits@D@std@@V?$allocator@D@2@@std@@QEAA@PEBD@Z 0000000180007cc0 f i Config.obj
 0001:00006d50       ??0?$basic_string@DU?$char_traits@D@std@@V?$allocator@D@2@@std@@QEAA@XZ 0000000180007d50 f i Config.obj
 0001:00006dc0       ??0?$default_delete@$$BY0A@D@std@@QEAA@XZ 0000000180007dc0 f i Config.obj
 0001:00006dd0       ??0?$list@VSection@SWIP@@V?$allocator@VSection@SWIP@@@std@@@std@@QEAA@XZ 0000000180007dd0 f i Config.obj
 0001:00006e20       ??0?$unique_ptr@$$BY0A@DU?$default_delete@$$BY0A@D@std@@@std@@QEAA@PEAD@Z 0000000180007e20 f i Config.obj
 0001:00006e70       ??0?$vector@VController@@V?$allocator@VController@@@std@@@std@@QEAA@XZ 0000000180007e70 f i Config.obj
 0001:00006ec0       ??0AxisMap@Config@@QEAA@XZ 0000000180007ec0 f i Config.obj
 0001:00006f60       ??0Config@@QEAA@XZ         0000000180007f60 f i Config.obj
 0001:00006f70       ??0Controller@@QEAA@AEBV0@@Z 0000000180007f70 f i Config.obj
 0001:00007130       ??0ControllerManager@@QEAA@XZ 0000000180008130 f i Config.obj
 0001:00007520       ??0InputHookManager@@QEAA@XZ 0000000180008520 f i Config.obj
 0001:00007570       ??0Logger@@QEAA@XZ         0000000180008570 f i Config.obj
 0001:000075d0       ??0Mapping@Config@@QEAA@XZ 00000001800085d0 f i Config.obj
 0001:00007730       ??0NonCopyable@@IEAA@XZ    0000000180008730 f i Config.obj
 0001:00007740       ??0SWIP@@QEAA@XZ           0000000180008740 f i Config.obj
 0001:000077c0       ??0TriggerMap@Config@@QEAA@XZ 00000001800087c0 f i Config.obj
 0001:00007800       ??0_Container_proxy@std@@QEAA@XZ 0000000180008800 f i Config.obj
 0001:00007830       ??0_Iterator_base12@std@@QEAA@AEBU01@@Z 0000000180008830 f i Config.obj
 0001:000078a0       ??0_Iterator_base12@std@@QEAA@XZ 00000001800088a0 f i Config.obj
 0001:000078d0       ??1?$_Iterator012@Ubidirectional_iterator_tag@std@@U?$pair@$$CBV?$basic_string@DU?$char_traits@D@std@@V?$allocator@D@2@@std@@V12@@2@_JPEBU32@AEBU32@U_Iterator_base12@2@@std@@QEAA@XZ 00000001800088d0 f i Config.obj
 0001:00007910       ??1?$_Iterator012@Urandom_access_iterator_tag@std@@D_JPEBDAEBDU_Iterator_base12@2@@std@@QEAA@XZ 0000000180008910 f i Config.obj
 0001:00007950       ??1?$_Iterator012@Urandom_access_iterator_tag@std@@VController@@_JPEBV3@AEBV3@U_Iterator_base12@2@@std@@QEAA@XZ 0000000180008950 f i Config.obj
 0001:00007990       ??1?$_List_alloc@$0A@U?$_List_base_types@VSection@SWIP@@V?$allocator@VSection@SWIP@@@std@@@std@@@std@@QEAA@XZ 0000000180008990 f i Config.obj
 0001:000079f0       ??1?$_List_buy@VSection@SWIP@@V?$allocator@VSection@SWIP@@@std@@@std@@QEAA@XZ 00000001800089f0 f i Config.obj
 0001:00007a30       ??1?$_List_val@U?$_List_simple_types@VSection@SWIP@@@std@@@std@@QEAA@XZ 0000000180008a30 f i Config.obj
 0001:00007a70       ??1?$_String_alloc@$0A@U?$_String_base_types@DV?$allocator@D@std@@@std@@@std@@QEAA@XZ 0000000180008a70 f i Config.obj
 0001:00007ac0       ??1?$_String_const_iterator@V?$_String_val@U?$_Simple_types@D@std@@@std@@@std@@QEAA@XZ 0000000180008ac0 f i Config.obj
 0001:00007b00       ??1?$_String_iterator@V?$_String_val@U?$_Simple_types@D@std@@@std@@@std@@QEAA@XZ 0000000180008b00 f i Config.obj
 0001:00007b40       ??1?$_String_val@U?$_Simple_types@D@std@@@std@@QEAA@XZ 0000000180008b40 f i Config.obj
 0001:00007b80       ??1?$_Tree@V?$_Tmap_traits@V?$basic_string@DU?$char_traits@D@std@@V?$allocator@D@2@@std@@V12@UInsensitiveCompare@@V?$allocator@U?$pair@$$CBV?$basic_string@DU?$char_traits@D@std@@V?$allocator@D@2@@std@@V12@@std@@@2@$0A@@std@@@std@@QEAA@XZ 0000000180008b80 f i Config.obj
 0001:00007bd0       ??1?$_Tree_alloc@$0A@U?$_Tree_base_types@U?$pair@$$CBV?$basic_string@DU?$char_traits@D@std@@V?$allocator@D@2@@std@@V12@@std@@V?$allocator@U?$pair@$$CBV?$basic_string@DU?$char_traits@D@std@@V?$allocator@D@2@@std@@V12@@std@@@2@@std@@@std@@QEAA@XZ 0000000180008bd0 f i Config.obj
 0001:00007c30       ??1?$_Tree_buy@U?$pair@$$CBV?$basic_string@DU?$char_traits@D@std@@V?$allocator@D@2@@std@@V12@@std@@V?$allocator@U?$pair@$$CBV?$basic_string@DU?$char_traits@D@std@@V?$allocator@D@2@@std@@V12@@std@@@2@@std@@QEAA@XZ 0000000180008c30 f i Config.obj
 0001:00007c70       ??1?$_Tree_comp@$0A@V?$_Tmap_traits@V?$basic_string@DU?$char_traits@D@std@@V?$allocator@D@2@@std@@V12@UInsensitiveCompare@@V?$allocator@U?$pair@$$CBV?$basic_string@DU?$char_traits@D@std@@V?$allocator@D@2@@std@@V12@@std@@@2@$0A@@std@@@std@@QEAA@XZ 0000000180008c70 f i Config.obj
 0001:00007cb0       ??1?$_Tree_const_iterator@V?$_Tree_val@U?$_Tree_simple_types@U?$pair@$$CBV?$basic_string@DU?$char_traits@D@std@@V?$allocator@D@2@@std@@V12@@std@@@std@@@std@@@std@@QEAA@XZ 0000000180008cb0 f i Config.obj
 0001:00007cf0       ??1?$_Tree_iterator@V?$_Tree_val@U?$_Tree_simple_types@U?$pair@$$CBV?$basic_string@DU?$char_traits@D@std@@V?$allocator@D@2@@std@@V12@@std@@@std@@@std@@@std@@QEAA@XZ 0000000180008cf0 f i Config.obj
 0001:00007d30       ??1?$_Tree_unchecked_const_iterator@V?$_Tree_val@U?$_Tree_simple_types@U?$pair@$$CBV?$basic_string@DU?$char_traits@D@std@@V?$allocator@D@2@@std@@V12@@std@@@std@@@std@@U_Iterator_base12@2@@std@@QEAA@XZ 0000000180008d30 f i Config.obj
 0001:00007d70       ??1?$_Tree_val@U?$_Tree_simple_types@U?$pair@$$CBV?$basic_string@DU?$char_traits@D@std@@V?$allocator@D@2@@std@@V12@@std@@@std@@@std@@QEAA@XZ 0000000180008d70 f i Config.obj
 0001:00007db0       ??1?$_Vector_alloc@$0A@U?$_Vec_base_types@V?$basic_string@DU?$char_traits@D@std@@V?$allocator@D@2@@std@@V?$allocator@V?$basic_string@DU?$char_traits@D@std@@V?$allocator@D@2@@std@@@2@@std@@@std@@QEAA@XZ 0000000180008db0 f i Config.obj
 0001:00007e00       ??1?$_Vector_alloc@$0A@U?$_Vec_base_types@VController@@V?$allocator@VController@@@std@@@std@@@std@@QEAA@XZ 0000000180008e00 f i Config.obj
 0001:00007e50       ??1?$_Vector_alloc@$0A@U?$_Vec_base_types@VInputHookDevice@@V?$allocator@VInputHookDevice@@@std@@@std@@@std@@QEAA@XZ 0000000180008e50 f i Config.obj
 0001:00007ea0       ??1?$_Vector_const_iterator@V?$_Vector_val@U?$_Simple_types@VController@@@std@@@std@@@std@@QEAA@XZ 0000000180008ea0 f i Config.obj
 0001:00007ee0       ??1?$_Vector_iterator@V?$_Vector_val@U?$_Simple_types@VController@@@std@@@std@@@std@@QEAA@XZ 0000000180008ee0 f i Config.obj
 0001:00007f20       ??1?$_Vector_val@U?$_Simple_types@V?$basic_string@DU?$char_traits@D@std@@V?$allocator@D@2@@std@@@std@@@std@@QEAA@XZ 0000000180008f20 f i Config.obj
 0001:00007f60       ??1?$_Vector_val@U?$_Simple_types@VController@@@std@@@std@@QEAA@XZ 0000000180008f60 f i Config.obj
 0001:00007fa0       ??1?$_Vector_val@U?$_Simple_types@VInputHookDevice@@@std@@@std@@QEAA@XZ 0000000180008fa0 f i Config.obj
 0001:00007fe0       ??1?$basic_string@DU?$char_traits@D@std@@V?$allocator@D@2@@std@@QEAA@XZ 0000000180008fe0 f i Config.obj
 0001:00008030       ??1?$list@VSection@SWIP@@V?$allocator@VSection@SWIP@@@std@@@std@@QEAA@XZ 0000000180009030 f i Config.obj
 0001:00008080       ??1?$map@V?$basic_string@DU?$char_traits@D@std@@V?$allocator@D@2@@std@@V12@UInsensitiveCompare@@V?$allocator@U?$pair@$$CBV?$basic_string@DU?$char_traits@D@std@@V?$allocator@D@2@@std@@V12@@std@@@2@@std@@QEAA@XZ 0000000180009080 f i Config.obj
 0001:000080c0       ??1?$pair@$$CBV?$basic_string@DU?$char_traits@D@std@@V?$allocator@D@2@@std@@V12@@std@@QEAA@XZ 00000001800090c0 f i Config.obj
 0001:00008120       ??1?$unique_ptr@$$BY0A@DU?$default_delete@$$BY0A@D@std@@@std@@QEAA@XZ 0000000180009120 f i Config.obj
 0001:00008160       ??1?$vector@V?$basic_string@DU?$char_traits@D@std@@V?$allocator@D@2@@std@@V?$allocator@V?$basic_string@DU?$char_traits@D@std@@V?$allocator@D@2@@std@@@2@@std@@QEAA@XZ 0000000180009160 f i Config.obj
 0001:000081b0       ??1?$vector@VController@@V?$allocator@VController@@@std@@@std@@QEAA@XZ 00000001800091b0 f i Config.obj
 0001:00008200       ??1?$vector@VInputHookDevice@@V?$allocator@VInputHookDevice@@@std@@@std@@QEAA@XZ 0000000180009200 f i Config.obj
 0001:00008250       ??1Config@@QEAA@XZ         0000000180009250 f i Config.obj
 0001:00008260       ??1ControllerManager@@QEAA@XZ 0000000180009260 f i Config.obj
 0001:00008340       ??1InputHook@@QEAA@XZ      0000000180009340 f i Config.obj
 0001:000083a0       ??1InputHookManager@@QEAA@XZ 00000001800093a0 f i Config.obj
 0001:000083e0       ??1Logger@@QEAA@XZ         00000001800093e0 f i Config.obj
 0001:00008450       ??1SWIP@@QEAA@XZ           0000000180009450 f i Config.obj
 0001:000084b0       ??1Section@SWIP@@QEAA@XZ   00000001800094b0 f i Config.obj
 0001:00008520       ??1_Iterator_base12@std@@QEAA@XZ 0000000180009520 f i Config.obj
 0001:000085c0       ??2@YAPEAX_KPEAX@Z         00000001800095c0 f i Config.obj
 0001:000085e0       ??3@YAXPEAX0@Z             00000001800095e0 f i Config.obj
 0001:000085f0       ??4?$basic_string@DU?$char_traits@D@std@@V?$allocator@D@2@@std@@QEAAAEAV01@$$QEAV01@@Z 00000001800095f0 f i Config.obj
 0001:00008780       ??4_Iterator_base12@std@@QEAAAEAU01@AEBU01@@Z 0000000180009780 f i Config.obj
 0001:00008880       ??8?$_String_const_iterator@V?$_String_val@U?$_Simple_types@D@std@@@std@@@std@@QEBA_NAEBV01@@Z 0000000180009880 f i Config.obj
 0001:00008900       ??8?$_Tree_const_iterator@V?$_Tree_val@U?$_Tree_simple_types@U?$pair@$$CBV?$basic_string@DU?$char_traits@D@std@@V?$allocator@D@2@@std@@V12@@std@@@std@@@std@@@std@@QEBA_NAEBV01@@Z 0000000180009900 f i Config.obj
 0001:00008a70       ??9?$_Tree_const_iterator@V?$_Tree_val@U?$_Tree_simple_types@U?$pair@$$CBV?$basic_string@DU?$char_traits@D@std@@V?$allocator@D@2@@std@@V12@@std@@@std@@@std@@@std@@QEBA_NAEBV01@@Z 0000000180009a70 f i Config.obj
 0001:00008ae0       ??A?$basic_string@DU?$char_traits@D@std@@V?$allocator@D@2@@std@@QEBAAEBD_K@Z 0000000180009ae0 f i Config.obj
 0001:00008b60       ??D?$_String_const_iterator@V?$_String_val@U?$_Simple_types@D@std@@@std@@@std@@QEBAAEBDXZ 0000000180009b60 f i Config.obj
 0001:00008ce0       ??D?$_String_iterator@V?$_String_val@U?$_Simple_types@D@std@@@std@@@std@@QEBAAEADXZ 0000000180009ce0 f i Config.obj
 0001:00008d20       ??D?$_Vector_const_iterator@V?$_Vector_val@U?$_Simple_types@VController@@@std@@@std@@@std@@QEBAAEBVController@@XZ 0000000180009d20 f i Config.obj
 0001:00008e80       ??D?$_Vector_iterator@V?$_Vector_val@U?$_Simple_types@VController@@@std@@@std@@@std@@QEBAAEAVController@@XZ 0000000180009e80 f i Config.obj
 0001:00008ec0       ??E?$_Tree_const_iterator@V?$_Tree_val@U?$_Tree_simple_types@U?$pair@$$CBV?$basic_string@DU?$char_traits@D@std@@V?$allocator@D@2@@std@@V12@@std@@@std@@@std@@@std@@QEAA?AV01@H@Z 0000000180009ec0 f i Config.obj
 0001:00008fd0       ??E?$_Tree_const_iterator@V?$_Tree_val@U?$_Tree_simple_types@U?$pair@$$CBV?$basic_string@DU?$char_traits@D@std@@V?$allocator@D@2@@std@@V12@@std@@@std@@@std@@@std@@QEAAAEAV01@XZ 0000000180009fd0 f i Config.obj
 0001:00009110       ??E?$_Tree_unchecked_const_iterator@V?$_Tree_val@U?$_Tree_simple_types@U?$pair@$$CBV?$basic_string@DU?$char_traits@D@std@@V?$allocator@D@2@@std@@V12@@std@@@std@@@std@@U_Iterator_base12@2@@std@@QEAAAEAV01@XZ 000000018000a110 f i Config.obj
 0001:00009230       ??G?$_String_const_iterator@V?$_String_val@U?$_Simple_types@D@std@@@std@@@std@@QEBA_JAEBV01@@Z 000000018000a230 f i Config.obj
 0001:00009290       ??G?$_String_iterator@V?$_String_val@U?$_Simple_types@D@std@@@std@@@std@@QEBA_JAEBV?$_String_const_iterator@V?$_String_val@U?$_Simple_types@D@std@@@std@@@1@@Z 000000018000a290 f i Config.obj
 0001:00009320       ??G?$_Vector_iterator@V?$_Vector_val@U?$_Simple_types@VController@@@std@@@std@@@std@@QEBA?AV01@_J@Z 000000018000a320 f i Config.obj
 0001:00009430       ??H?$_String_iterator@V?$_String_val@U?$_Simple_types@D@std@@@std@@@std@@QEBA?AV01@_J@Z 000000018000a430 f i Config.obj
 0001:00009540       ??R?$default_delete@$$BY0A@D@std@@QEBAXPEAD@Z 000000018000a540 f i Config.obj
 0001:000095c0       ??Y?$_String_const_iterator@V?$_String_val@U?$_Simple_types@D@std@@@std@@@std@@QEAAAEAV01@_J@Z 000000018000a5c0 f i Config.obj
 0001:00009780       ??Y?$_String_iterator@V?$_String_val@U?$_Simple_types@D@std@@@std@@@std@@QEAAAEAV01@_J@Z 000000018000a780 f i Config.obj
 0001:000097d0       ??Y?$_Vector_const_iterator@V?$_Vector_val@U?$_Simple_types@VController@@@std@@@std@@@std@@QEAAAEAV01@_J@Z 000000018000a7d0 f i Config.obj
 0001:00009960       ??Y?$_Vector_iterator@V?$_Vector_val@U?$_Simple_types@VController@@@std@@@std@@@std@@QEAAAEAV01@_J@Z 000000018000a960 f i Config.obj
 0001:000099b0       ??Z?$_Vector_iterator@V?$_Vector_val@U?$_Simple_types@VController@@@std@@@std@@@std@@QEAAAEAV01@_J@Z 000000018000a9b0 f i Config.obj
 0001:00009a00       ??_G?$basic_string@DU?$char_traits@D@std@@V?$allocator@D@2@@std@@QEAAPEAXI@Z 000000018000aa00 f i Config.obj
 0001:00009a60       ??_G?$pair@$$CBV?$basic_string@DU?$char_traits@D@std@@V?$allocator@D@2@@std@@V12@@std@@QEAAPEAXI@Z 000000018000aa60 f i Config.obj
 0001:00009ac0       ??_GController@@QEAAPEAXI@Z 000000018000aac0 f i Config.obj
 0001:00009b20       ??_GSection@SWIP@@QEAAPEAXI@Z 000000018000ab20 f i Config.obj
 0001:00009b80       ??_H@YAXPEAX_KHP6APEAX0@Z@Z 000000018000ab80 f i Config.obj
 0001:00009c00       ?CurrentModule@@YAAEAPEAUHINSTANCE__@@XZ 000000018000ac00 f i Config.obj
 0001:00009c60       ?DisableHook@InputHook@@QEAAXAEBK@Z 000000018000ac60 f i Config.obj
 0001:00009ca0       ?EnableHook@InputHook@@QEAAXAEBK@Z 000000018000aca0 f i Config.obj
 0001:00009cd0       ?Get@ControllerManager@@SAAEAV1@XZ 000000018000acd0 f i Config.obj
 0001:00009d60       ?Get@InputHookManager@@SAAEAV1@XZ 000000018000ad60 f i Config.obj
 0001:00009df0       ?Get@Logger@@SAAEAV1@XZ    000000018000adf0 f i Config.obj
 0001:00009e80       ?Get@SWIP@@QEAA_NAEBV?$basic_string@DU?$char_traits@D@std@@V?$allocator@D@2@@std@@0PEACC@Z 000000018000ae80 f i Config.obj
 0001:00009ef0       ?Get@SWIP@@QEAA_NAEBV?$basic_string@DU?$char_traits@D@std@@V?$allocator@D@2@@std@@0PEAEE@Z 000000018000aef0 f i Config.obj
 0001:00009f60       ?Get@SWIP@@QEAA_NAEBV?$basic_string@DU?$char_traits@D@std@@V?$allocator@D@2@@std@@0PEAFF@Z 000000018000af60 f i Config.obj
 0001:00009fd0       ?Get@SWIP@@QEAA_NAEBV?$basic_string@DU?$char_traits@D@std@@V?$allocator@D@2@@std@@0PEAHH@Z 000000018000afd0 f i Config.obj
 0001:0000a040       ?Get@SWIP@@QEAA_NAEBV?$basic_string@DU?$char_traits@D@std@@V?$allocator@D@2@@std@@0PEAII@Z 000000018000b040 f i Config.obj
 0001:0000a0b0       ?Get@SWIP@@QEAA_NAEBV?$basic_string@DU?$char_traits@D@std@@V?$allocator@D@2@@std@@0PEAMM@Z 000000018000b0b0 f i Config.obj
 0001:0000a120       ?Get@SWIP@@QEAA_NAEBV?$basic_string@DU?$char_traits@D@std@@V?$allocator@D@2@@std@@0PEAV23@0@Z 000000018000b120 f i Config.obj
 0001:0000a190       ?Get@SWIP@@QEAA_NAEBV?$basic_string@DU?$char_traits@D@std@@V?$allocator@D@2@@std@@0PEA_N_N@Z 000000018000b190 f i Config.obj
 0001:0000a200       ?GetControllers@ControllerManager@@QEAAAEAV?$vector@VController@@V?$allocator@VController@@@std@@@std@@XZ 000000018000b200 f i Config.obj
 0001:0000a220       ?GetIniPath@SWIP@@QEAAAEBV?$basic_string@DU?$char_traits@D@std@@V?$allocator@D@2@@std@@XZ 000000018000b220 f i Config.obj
 0001:0000a240       ?GetInputHook@InputHookManager@@QEAAAEAVInputHook@@XZ 000000018000b240 f i Config.obj
 0001:0000a250       ?GetState@InputHook@@QEBA?B_NAEBK@Z 000000018000b250 f i Config.obj
 0001:0000a2d0       ?GetTime@Logger@@AEAAXPEAV?$basic_string@DU?$char_traits@D@std@@V?$allocator@D@2@@std@@@Z 000000018000b2d0 f i Config.obj
 0001:0000a550       ?Print@Logger@@QEAAXPEBDPEAD@Z 000000018000b550 f i Config.obj
 0001:0000a8b0       ?PrintLog@@YAXPEBDZZ       000000018000b8b0 f i Config.obj
 0001:0000a960       ?_Adopt@_Iterator_base12@std@@QEAAXPEBU_Container_base12@2@@Z 000000018000b960 f i Config.obj
 0001:0000aad0       ?_Alloc_proxy@?$_List_alloc@$0A@U?$_List_base_types@VSection@SWIP@@V?$allocator@VSection@SWIP@@@std@@@std@@@std@@QEAAXXZ 000000018000bad0 f i Config.obj
 0001:0000aba0       ?_Alloc_proxy@?$_String_alloc@$0A@U?$_String_base_types@DV?$allocator@D@std@@@std@@@std@@QEAAXXZ 000000018000bba0 f i Config.obj
 0001:0000ac70       ?_Alloc_proxy@?$_Vector_alloc@$0A@U?$_Vec_base_types@VController@@V?$allocator@VController@@@std@@@std@@@std@@QEAAXXZ 000000018000bc70 f i Config.obj
 0001:0000ad40       ?_Assign_rv@?$basic_string@DU?$char_traits@D@std@@V?$allocator@D@2@@std@@QEAAX$$QEAV12@@Z 000000018000bd40 f i Config.obj
 0001:0000ae70       ?_Buyheadnode@?$_List_alloc@$0A@U?$_List_base_types@VSection@SWIP@@V?$allocator@VSection@SWIP@@@std@@@std@@@std@@QEAAPEAU?$_List_node@VSection@SWIP@@PEAX@2@XZ 000000018000be70 f i Config.obj
 0001:0000aeb0       ?_Buynode0@?$_List_alloc@$0A@U?$_List_base_types@VSection@SWIP@@V?$allocator@VSection@SWIP@@@std@@@std@@@std@@QEAAPEAU?$_List_node@VSection@SWIP@@PEAX@2@PEAU32@0@Z 000000018000beb0 f i Config.obj
 0001:0000aff0       ?_Change_alloc@?$_String_alloc@$0A@U?$_String_base_types@DV?$allocator@D@std@@@std@@@std@@QEAAXAEBU?$_Wrap_alloc@V?$allocator@D@std@@@2@@Z 000000018000bff0 f i Config.obj
 0001:0000b000       ?_Chassign@?$basic_string@DU?$char_traits@D@std@@V?$allocator@D@2@@std@@QEAAX_K0D@Z 000000018000c000 f i Config.obj
 0001:0000b0a0       ?_Clrcont@_Iterator_base12@std@@QEAAXXZ 000000018000c0a0 f i Config.obj
 0001:0000b0c0       ?_Color@?$_Tree_val@U?$_Tree_simple_types@U?$pair@$$CBV?$basic_string@DU?$char_traits@D@std@@V?$allocator@D@2@@std@@V12@@std@@@std@@@std@@SAAEADPEAU?$_Tree_node@U?$pair@$$CBV?$basic_string@DU?$char_traits@D@std@@V?$allocator@D@2@@std@@V12@@std@@PEAX@2@@Z 000000018000c0c0 f i Config.obj
 0001:0000b0e0       ?_Compat@?$_String_const_iterator@V?$_String_val@U?$_Simple_types@D@std@@@std@@@std@@QEBAXAEBV12@@Z 000000018000c0e0 f i Config.obj
 0001:0000b210       ?_Copy@?$basic_string@DU?$char_traits@D@std@@V?$allocator@D@2@@std@@QEAAX_K0@Z 000000018000c210 f i Config.obj
 0001:0000b4e0       ?_Delete@?$unique_ptr@$$BY0A@DU?$default_delete@$$BY0A@D@std@@@std@@AEAAXXZ 000000018000c4e0 f i Config.obj
 0001:0000b540       ?_Destroy@?$vector@V?$basic_string@DU?$char_traits@D@std@@V?$allocator@D@2@@std@@V?$allocator@V?$basic_string@DU?$char_traits@D@std@@V?$allocator@D@2@@std@@@2@@std@@IEAAXPEAV?$basic_string@DU?$char_traits@D@std@@V?$allocator@D@2@@2@0@Z 000000018000c540 f i Config.obj
 0001:0000b5e0       ?_Destroy@?$vector@VController@@V?$allocator@VController@@@std@@@std@@IEAAXPEAVController@@0@Z 000000018000c5e0 f i Config.obj
 0001:0000b680       ?_Destroy@?$vector@VInputHookDevice@@V?$allocator@VInputHookDevice@@@std@@@std@@IEAAXPEAVInputHookDevice@@0@Z 000000018000c680 f i Config.obj
 0001:0000b720       ?_Eos@?$basic_string@DU?$char_traits@D@std@@V?$allocator@D@2@@std@@QEAAX_K@Z 000000018000c720 f i Config.obj
 0001:0000b790       ?_Erase@?$_Tree@V?$_Tmap_traits@V?$basic_string@DU?$char_traits@D@std@@V?$allocator@D@2@@std@@V12@UInsensitiveCompare@@V?$allocator@U?$pair@$$CBV?$basic_string@DU?$char_traits@D@std@@V?$allocator@D@2@@std@@V12@@std@@@2@$0A@@std@@@std@@IEAAXPEAU?$_Tree_node@U?$pair@$$CBV?$basic_string@DU?$char_traits@D@std@@V?$allocator@D@2@@std@@V12@@std@@PEAX@2@@Z 000000018000c790 f i Config.obj
 0001:0000b8a0       ?_Free_proxy@?$_List_alloc@$0A@U?$_List_base_types@VSection@SWIP@@V?$allocator@VSection@SWIP@@@std@@@std@@@std@@QEAAXXZ 000000018000c8a0 f i Config.obj
 0001:0000b960       ?_Free_proxy@?$_String_alloc@$0A@U?$_String_base_types@DV?$allocator@D@std@@@std@@@std@@QEAAXXZ 000000018000c960 f i Config.obj
 0001:0000ba20       ?_Free_proxy@?$_Tree_alloc@$0A@U?$_Tree_base_types@U?$pair@$$CBV?$basic_string@DU?$char_traits@D@std@@V?$allocator@D@2@@std@@V12@@std@@V?$allocator@U?$pair@$$CBV?$basic_string@DU?$char_traits@D@std@@V?$allocator@D@2@@std@@V12@@std@@@2@@std@@@std@@QEAAXXZ 000000018000ca20 f i Config.obj
 0001:0000bb00       ?_Free_proxy@?$_Vector_alloc@$0A@U?$_Vec_base_types@V?$basic_string@DU?$char_traits@D@std@@V?$allocator@D@2@@std@@V?$allocator@V?$basic_string@DU?$char_traits@D@std@@V?$allocator@D@2@@std@@@2@@std@@@std@@QEAAXXZ 000000018000cb00 f i Config.obj
 0001:0000bbc0       ?_Free_proxy@?$_Vector_alloc@$0A@U?$_Vec_base_types@VController@@V?$allocator@VController@@@std@@@std@@@std@@QEAAXXZ 000000018000cbc0 f i Config.obj
 0001:0000bc80       ?_Free_proxy@?$_Vector_alloc@$0A@U?$_Vec_base_types@VInputHookDevice@@V?$allocator@VInputHookDevice@@@std@@@std@@@std@@QEAAXXZ 000000018000cc80 f i Config.obj
 0001:0000bd40       ?_Freeheadnode@?$_List_alloc@$0A@U?$_List_base_types@VSection@SWIP@@V?$allocator@VSection@SWIP@@@std@@@std@@@std@@QEAAXPEAU?$_List_node@VSection@SWIP@@PEAX@2@@Z 000000018000cd40 f i Config.obj
 0001:0000be30       ?_Freeheadnode@?$_Tree_alloc@$0A@U?$_Tree_base_types@U?$pair@$$CBV?$basic_string@DU?$char_traits@D@std@@V?$allocator@D@2@@std@@V12@@std@@V?$allocator@U?$pair@$$CBV?$basic_string@DU?$char_traits@D@std@@V?$allocator@D@2@@std@@V12@@std@@@2@@std@@@std@@QEAAXPEAU?$_Tree_node@U?$pair@$$CBV?$basic_string@DU?$char_traits@D@std@@V?$allocator@D@2@@std@@V12@@std@@PEAX@2@@Z 000000018000ce30 f i Config.obj
 0001:0000bf60       ?_Freenode@?$_List_buy@VSection@SWIP@@V?$allocator@VSection@SWIP@@@std@@@std@@QEAAXPEAU?$_List_node@VSection@SWIP@@PEAX@2@@Z 000000018000cf60 f i Config.obj
 0001:0000c090       ?_Getal@?$_List_alloc@$0A@U?$_List_base_types@VSection@SWIP@@V?$allocator@VSection@SWIP@@@std@@@std@@@std@@QEBA?AU?$_Wrap_alloc@V?$allocator@U?$_List_node@VSection@SWIP@@PEAX@std@@@std@@@2@XZ 000000018000d090 f i Config.obj
 0001:0000c0e0       ?_Getal@?$_String_alloc@$0A@U?$_String_base_types@DV?$allocator@D@std@@@std@@@std@@QEBA?AU?$_Wrap_alloc@V?$allocator@D@std@@@2@XZ 000000018000d0e0 f i Config.obj
 0001:0000c130       ?_Getal@?$_Tree_alloc@$0A@U?$_Tree_base_types@U?$pair@$$CBV?$basic_string@DU?$char_traits@D@std@@V?$allocator@D@2@@std@@V12@@std@@V?$allocator@U?$pair@$$CBV?$basic_string@DU?$char_traits@D@std@@V?$allocator@D@2@@std@@V12@@std@@@2@@std@@@std@@QEBA?AU?$_Wrap_alloc@V?$allocator@U?$_Tree_node@U?$pair@$$CBV?$basic_string@DU?$char_traits@D@std@@V?$allocator@D@2@@std@@V12@@std@@PEAX@std@@@std@@@2@XZ 000000018000d130 f i Config.obj
 0001:0000c180       ?_Getal@?$_Vector_alloc@$0A@U?$_Vec_base_types@V?$basic_string@DU?$char_traits@D@std@@V?$allocator@D@2@@std@@V?$allocator@V?$basic_string@DU?$char_traits@D@std@@V?$allocator@D@2@@std@@@2@@std@@@std@@QEBA?AU?$_Wrap_alloc@V?$allocator@V?$basic_string@DU?$char_traits@D@std@@V?$allocator@D@2@@std@@@std@@@2@XZ 000000018000d180 f i Config.obj
 0001:0000c1d0       ?_Getal@?$_Vector_alloc@$0A@U?$_Vec_base_types@VController@@V?$allocator@VController@@@std@@@std@@@std@@QEBA?AU?$_Wrap_alloc@V?$allocator@VController@@@std@@@2@XZ 000000018000d1d0 f i Config.obj
 0001:0000c220       ?_Getal@?$_Vector_alloc@$0A@U?$_Vec_base_types@VInputHookDevice@@V?$allocator@VInputHookDevice@@@std@@@std@@@std@@QEBA?AU?$_Wrap_alloc@V?$allocator@VInputHookDevice@@@std@@@2@XZ 000000018000d220 f i Config.obj
 0001:0000c270       ?_Getcont@_Iterator_base12@std@@QEBAPEBU_Container_base12@2@XZ 000000018000d270 f i Config.obj
 0001:0000c2d0       ?_Getpnext@_Iterator_base12@std@@QEAAPEAPEAU12@XZ 000000018000d2d0 f i Config.obj
 0001:0000c2f0       ?_Grow@?$basic_string@DU?$char_traits@D@std@@V?$allocator@D@2@@std@@QEAA_N_K_N@Z 000000018000d2f0 f i Config.obj
 0001:0000c430       ?_Grow_to@?$vector@VController@@V?$allocator@VController@@@std@@@std@@IEBA_K_K@Z 000000018000d430 f i Config.obj
 0001:0000c520       ?_Inside@?$basic_string@DU?$char_traits@D@std@@V?$allocator@D@2@@std@@QEAA_NPEBD@Z 000000018000d520 f i Config.obj
 0001:0000c5a0       ?_Inside@?$vector@VController@@V?$allocator@VController@@@std@@@std@@IEBA_NPEBVController@@@Z 000000018000d5a0 f i Config.obj
 0001:0000c620       ?_Isnil@?$_Tree_val@U?$_Tree_simple_types@U?$pair@$$CBV?$basic_string@DU?$char_traits@D@std@@V?$allocator@D@2@@std@@V12@@std@@@std@@@std@@SAAEADPEAU?$_Tree_node@U?$pair@$$CBV?$basic_string@DU?$char_traits@D@std@@V?$allocator@D@2@@std@@V12@@std@@PEAX@2@@Z 000000018000d620 f i Config.obj
 0001:0000c640       ?_Left@?$_Tree_val@U?$_Tree_simple_types@U?$pair@$$CBV?$basic_string@DU?$char_traits@D@std@@V?$allocator@D@2@@std@@V12@@std@@@std@@@std@@SAAEAPEAU?$_Tree_node@U?$pair@$$CBV?$basic_string@DU?$char_traits@D@std@@V?$allocator@D@2@@std@@V12@@std@@PEAX@2@PEAU32@@Z 000000018000d640 f i Config.obj
 0001:0000c650       ?_Lmost@?$_Tree@V?$_Tmap_traits@V?$basic_string@DU?$char_traits@D@std@@V?$allocator@D@2@@std@@V12@UInsensitiveCompare@@V?$allocator@U?$pair@$$CBV?$basic_string@DU?$char_traits@D@std@@V?$allocator@D@2@@std@@V12@@std@@@2@$0A@@std@@@std@@IEBAAEAPEAU?$_Tree_node@U?$pair@$$CBV?$basic_string@DU?$char_traits@D@std@@V?$allocator@D@2@@std@@V12@@std@@PEAX@2@XZ 000000018000d650 f i Config.obj
 0001:0000c690       ?_Lrotate@?$_Tree@V?$_Tmap_traits@V?$basic_string@DU?$char_traits@D@std@@V?$allocator@D@2@@std@@V12@UInsensitiveCompare@@V?$allocator@U?$pair@$$CBV?$basic_string@DU?$char_traits@D@std@@V?$allocator@D@2@@std@@V12@@std@@@2@$0A@@std@@@std@@IEAAXPEAU?$_Tree_node@U?$pair@$$CBV?$basic_string@DU?$char_traits@D@std@@V?$allocator@D@2@@std@@V12@@std@@PEAX@2@@Z 000000018000d690 f i Config.obj
 0001:0000c840       ?_Max@?$_Tree_val@U?$_Tree_simple_types@U?$pair@$$CBV?$basic_string@DU?$char_traits@D@std@@V?$allocator@D@2@@std@@V12@@std@@@std@@@std@@SAPEAU?$_Tree_node@U?$pair@$$CBV?$basic_string@DU?$char_traits@D@std@@V?$allocator@D@2@@std@@V12@@std@@PEAX@2@PEAU32@@Z 000000018000d840 f i Config.obj
 0001:0000c8b0       ?_Min@?$_Tree_val@U?$_Tree_simple_types@U?$pair@$$CBV?$basic_string@DU?$char_traits@D@std@@V?$allocator@D@2@@std@@V12@@std@@@std@@@std@@SAPEAU?$_Tree_node@U?$pair@$$CBV?$basic_string@DU?$char_traits@D@std@@V?$allocator@D@2@@std@@V12@@std@@PEAX@2@PEAU32@@Z 000000018000d8b0 f i Config.obj
 0001:0000c920       ?_Mynode@?$_Tree_unchecked_const_iterator@V?$_Tree_val@U?$_Tree_simple_types@U?$pair@$$CBV?$basic_string@DU?$char_traits@D@std@@V?$allocator@D@2@@std@@V12@@std@@@std@@@std@@U_Iterator_base12@2@@std@@QEBAPEAU?$_Tree_node@U?$pair@$$CBV?$basic_string@DU?$char_traits@D@std@@V?$allocator@D@2@@std@@V12@@std@@PEAX@2@XZ 000000018000d920 f i Config.obj
 0001:0000c940       ?_Myptr@?$_String_val@U?$_Simple_types@D@std@@@std@@QEAAPEADXZ 000000018000d940 f i Config.obj
 0001:0000c9b0       ?_Myptr@?$_String_val@U?$_Simple_types@D@std@@@std@@QEBAPEBDXZ 000000018000d9b0 f i Config.obj
 0001:0000ca20       ?_Myval@?$_List_val@U?$_List_simple_types@VSection@SWIP@@@std@@@std@@SAAEAVSection@SWIP@@PEAU?$_List_node@VSection@SWIP@@PEAX@2@@Z 000000018000da20 f i Config.obj
 0001:0000ca40       ?_Myval@?$_Tree_val@U?$_Tree_simple_types@U?$pair@$$CBV?$basic_string@DU?$char_traits@D@std@@V?$allocator@D@2@@std@@V12@@std@@@std@@@std@@SAAEAU?$pair@$$CBV?$basic_string@DU?$char_traits@D@std@@V?$allocator@D@2@@std@@V12@@2@PEAU?$_Tree_node@U?$pair@$$CBV?$basic_string@DU?$char_traits@D@std@@V?$allocator@D@2@@std@@V12@@std@@PEAX@2@@Z 000000018000da40 f i Config.obj
 0001:0000ca60       ?_Nextnode@?$_List_val@U?$_List_simple_types@VSection@SWIP@@@std@@@std@@SAAEAPEAU?$_List_node@VSection@SWIP@@PEAX@2@PEAU32@@Z 000000018000da60 f i Config.obj
 0001:0000ca70       ?_Orphan_me@_Iterator_base12@std@@QEAAXXZ 000000018000da70 f i Config.obj
 0001:0000cb50       ?_Orphan_ptr@?$_Tree@V?$_Tmap_traits@V?$basic_string@DU?$char_traits@D@std@@V?$allocator@D@2@@std@@V12@UInsensitiveCompare@@V?$allocator@U?$pair@$$CBV?$basic_string@DU?$char_traits@D@std@@V?$allocator@D@2@@std@@V12@@std@@@2@$0A@@std@@@std@@IEBAXAEAV12@PEAU?$_Tree_node@U?$pair@$$CBV?$basic_string@DU?$char_traits@D@std@@V?$allocator@D@2@@std@@V12@@std@@PEAX@2@@Z 000000018000db50 f i Config.obj
 0001:0000ccb0       ?_Orphan_ptr@?$list@VSection@SWIP@@V?$allocator@VSection@SWIP@@@std@@@std@@QEBAXAEAV12@PEAU?$_List_node@VSection@SWIP@@PEAX@2@@Z 000000018000dcb0 f i Config.obj
 0001:0000ce10       ?_Orphan_range@?$vector@VController@@V?$allocator@VController@@@std@@@std@@IEBAXPEAVController@@0@Z 000000018000de10 f i Config.obj
 0001:0000cf60       ?_Parent@?$_Tree_val@U?$_Tree_simple_types@U?$pair@$$CBV?$basic_string@DU?$char_traits@D@std@@V?$allocator@D@2@@std@@V12@@std@@@std@@@std@@SAAEAPEAU?$_Tree_node@U?$pair@$$CBV?$basic_string@DU?$char_traits@D@std@@V?$allocator@D@2@@std@@V12@@std@@PEAX@2@PEAU32@@Z 000000018000df60 f i Config.obj
 0001:0000cf80       ?_Pdif@?$basic_string@DU?$char_traits@D@std@@V?$allocator@D@2@@std@@SA_KV?$_String_const_iterator@V?$_String_val@U?$_Simple_types@D@std@@@std@@@2@0@Z 000000018000df80 f i Config.obj
 0001:0000d030       ?_Prevnode@?$_List_val@U?$_List_simple_types@VSection@SWIP@@@std@@@std@@SAAEAPEAU?$_List_node@VSection@SWIP@@PEAX@2@PEAU32@@Z 000000018000e030 f i Config.obj
 0001:0000d050       ?_Reallocate@?$vector@VController@@V?$allocator@VController@@@std@@@std@@IEAAX_K@Z 000000018000e050 f i Config.obj
 0001:0000d1f0       ?_Reserve@?$vector@VController@@V?$allocator@VController@@@std@@@std@@IEAAX_K@Z 000000018000e1f0 f i Config.obj
 0001:0000d2b0       ?_Right@?$_Tree_val@U?$_Tree_simple_types@U?$pair@$$CBV?$basic_string@DU?$char_traits@D@std@@V?$allocator@D@2@@std@@V12@@std@@@std@@@std@@SAAEAPEAU?$_Tree_node@U?$pair@$$CBV?$basic_string@DU?$char_traits@D@std@@V?$allocator@D@2@@std@@V12@@std@@PEAX@2@PEAU32@@Z 000000018000e2b0 f i Config.obj
 0001:0000d2d0       ?_Rmost@?$_Tree@V?$_Tmap_traits@V?$basic_string@DU?$char_traits@D@std@@V?$allocator@D@2@@std@@V12@UInsensitiveCompare@@V?$allocator@U?$pair@$$CBV?$basic_string@DU?$char_traits@D@std@@V?$allocator@D@2@@std@@V12@@std@@@2@$0A@@std@@@std@@IEBAAEAPEAU?$_Tree_node@U?$pair@$$CBV?$basic_string@DU?$char_traits@D@std@@V?$allocator@D@2@@std@@V12@@std@@PEAX@2@XZ 000000018000e2d0 f i Config.obj
 0001:0000d310       ?_Root@?$_Tree@V?$_Tmap_traits@V?$basic_string@DU?$char_traits@D@std@@V?$allocator@D@2@@std@@V12@UInsensitiveCompare@@V?$allocator@U?$pair@$$CBV?$basic_string@DU?$char_traits@D@std@@V?$allocator@D@2@@std@@V12@@std@@@2@$0A@@std@@@std@@IEBAAEAPEAU?$_Tree_node@U?$pair@$$CBV?$basic_string@DU?$char_traits@D@std@@V?$allocator@D@2@@std@@V12@@std@@PEAX@2@XZ 000000018000e310 f i Config.obj
 0001:0000d350       ?_Rrotate@?$_Tree@V?$_Tmap_traits@V?$basic_string@DU?$char_traits@D@std@@V?$allocator@D@2@@std@@V12@UInsensitiveCompare@@V?$allocator@U?$pair@$$CBV?$basic_string@DU?$char_traits@D@std@@V?$allocator@D@2@@std@@V12@@std@@@2@$0A@@std@@@std@@IEAAXPEAU?$_Tree_node@U?$pair@$$CBV?$basic_string@DU?$char_traits@D@std@@V?$allocator@D@2@@std@@V12@@std@@PEAX@2@@Z 000000018000e350 f i Config.obj
 0001:0000d500       ?_Tidy@?$_Tree@V?$_Tmap_traits@V?$basic_string@DU?$char_traits@D@std@@V?$allocator@D@2@@std@@V12@UInsensitiveCompare@@V?$allocator@U?$pair@$$CBV?$basic_string@DU?$char_traits@D@std@@V?$allocator@D@2@@std@@V12@@std@@@2@$0A@@std@@@std@@IEAAXXZ 000000018000e500 f i Config.obj
 0001:0000d680       ?_Tidy@?$basic_string@DU?$char_traits@D@std@@V?$allocator@D@2@@std@@QEAAX_N_K@Z 000000018000e680 f i Config.obj
 0001:0000d7c0       ?_Tidy@?$list@VSection@SWIP@@V?$allocator@VSection@SWIP@@@std@@@std@@QEAAXXZ 000000018000e7c0 f i Config.obj
 0001:0000d800       ?_Tidy@?$vector@V?$basic_string@DU?$char_traits@D@std@@V?$allocator@D@2@@std@@V?$allocator@V?$basic_string@DU?$char_traits@D@std@@V?$allocator@D@2@@std@@@2@@std@@IEAAXXZ 000000018000e800 f i Config.obj
 0001:0000d910       ?_Tidy@?$vector@VController@@V?$allocator@VController@@@std@@@std@@IEAAXXZ 000000018000e910 f i Config.obj
 0001:0000da20       ?_Tidy@?$vector@VInputHookDevice@@V?$allocator@VInputHookDevice@@@std@@@std@@IEAAXXZ 000000018000ea20 f i Config.obj
 0001:0000db30       ?_Unused_capacity@?$vector@VController@@V?$allocator@VController@@@std@@@std@@QEBA_KXZ 000000018000eb30 f i Config.obj
 0001:0000db60       ?_Xlen@?$basic_string@DU?$char_traits@D@std@@V?$allocator@D@2@@std@@QEBAXXZ 000000018000eb60 f i Config.obj
 0001:0000dba0       ?_Xlen@?$vector@VController@@V?$allocator@VController@@@std@@@std@@IEBAXXZ 000000018000eba0 f i Config.obj
 0001:0000dbe0       ?_Xran@?$basic_string@DU?$char_traits@D@std@@V?$allocator@D@2@@std@@QEBAXXZ 000000018000ebe0 f i Config.obj
 0001:0000dc20       ?__autoclassinit2@?$_String_iterator@V?$_String_val@U?$_Simple_types@D@std@@@std@@@std@@QEAAX_K@Z 000000018000ec20 f i Config.obj
 0001:0000dc50       ?__autoclassinit2@?$_Tree_const_iterator@V?$_Tree_val@U?$_Tree_simple_types@U?$pair@$$CBV?$basic_string@DU?$char_traits@D@std@@V?$allocator@D@2@@std@@V12@@std@@@std@@@std@@@std@@QEAAX_K@Z 000000018000ec50 f i Config.obj
 0001:0000dc80       ?__autoclassinit2@?$_Vector_iterator@V?$_Vector_val@U?$_Simple_types@VController@@@std@@@std@@@std@@QEAAX_K@Z 000000018000ec80 f i Config.obj
 0001:0000dcb0       ?__autoclassinit2@?$unique_ptr@$$BY0A@DU?$default_delete@$$BY0A@D@std@@@std@@QEAAX_K@Z 000000018000ecb0 f i Config.obj
 0001:0000dce0       ?__autoclassinit2@ControllerManager@@QEAAX_K@Z 000000018000ece0 f i Config.obj
 0001:0000dd10       ?__autoclassinit2@InputHookManager@@QEAAX_K@Z 000000018000ed10 f i Config.obj
 0001:0000dd40       ?__autoclassinit2@Logger@@QEAAX_K@Z 000000018000ed40 f i Config.obj
 0001:0000dd70       ?__autoclassinit2@SWIP@@QEAAX_K@Z 000000018000ed70 f i Config.obj
 0001:0000dda0       ?allocate@?$_Wrap_alloc@V?$allocator@D@std@@@std@@QEAAPEAD_K@Z 000000018000eda0 f i Config.obj
 0001:0000ddf0       ?allocate@?$_Wrap_alloc@V?$allocator@U?$_List_node@VSection@SWIP@@PEAX@std@@@std@@@std@@QEAAPEAU?$_List_node@VSection@SWIP@@PEAX@2@_K@Z 000000018000edf0 f i Config.obj
 0001:0000de40       ?allocate@?$_Wrap_alloc@V?$allocator@U_Container_proxy@std@@@std@@@std@@QEAAPEAU_Container_proxy@2@_K@Z 000000018000ee40 f i Config.obj
 0001:0000de90       ?allocate@?$_Wrap_alloc@V?$allocator@VController@@@std@@@std@@QEAAPEAVController@@_K@Z 000000018000ee90 f i Config.obj
 0001:0000dee0       ?allocate@?$allocator@D@std@@QEAAPEAD_K@Z 000000018000eee0 f i Config.obj
 0001:0000df30       ?allocate@?$allocator@U?$_List_node@VSection@SWIP@@PEAX@std@@@std@@QEAAPEAU?$_List_node@VSection@SWIP@@PEAX@2@_K@Z 000000018000ef30 f i Config.obj
 0001:0000df80       ?allocate@?$allocator@U_Container_proxy@std@@@std@@QEAAPEAU_Container_proxy@2@_K@Z 000000018000ef80 f i Config.obj
 0001:0000dfd0       ?allocate@?$allocator@VController@@@std@@QEAAPEAVController@@_K@Z 000000018000efd0 f i Config.obj
 0001:0000e020       ?append@?$basic_string@DU?$char_traits@D@std@@V?$allocator@D@2@@std@@QEAAAEAV12@AEBV12@_K1@Z 000000018000f020 f i Config.obj
 0001:0000e190       ?append@?$basic_string@DU?$char_traits@D@std@@V?$allocator@D@2@@std@@QEAAAEAV12@PEBD_K@Z 000000018000f190 f i Config.obj
 0001:0000e310       ?assign@?$basic_string@DU?$char_traits@D@std@@V?$allocator@D@2@@std@@QEAAAEAV12@AEBV12@_K1@Z 000000018000f310 f i Config.obj
 0001:0000e470       ?assign@?$basic_string@DU?$char_traits@D@std@@V?$allocator@D@2@@std@@QEAAAEAV12@PEBD@Z 000000018000f470 f i Config.obj
 0001:0000e4f0       ?assign@?$basic_string@DU?$char_traits@D@std@@V?$allocator@D@2@@std@@QEAAAEAV12@PEBD_K@Z 000000018000f4f0 f i Config.obj
 0001:0000e600       ?assign@?$char_traits@D@std@@SAPEADPEAD_KD@Z 000000018000f600 f i Config.obj
 0001:0000e660       ?assign@?$char_traits@D@std@@SAXAEADAEBD@Z 000000018000f660 f i Config.obj
 0001:0000e690       ?back@?$vector@VController@@V?$allocator@VController@@@std@@@std@@QEAAAEAVController@@XZ 000000018000f690 f i Config.obj
 0001:0000e760       ?begin@?$_Tree@V?$_Tmap_traits@V?$basic_string@DU?$char_traits@D@std@@V?$allocator@D@2@@std@@V12@UInsensitiveCompare@@V?$allocator@U?$pair@$$CBV?$basic_string@DU?$char_traits@D@std@@V?$allocator@D@2@@std@@V12@@std@@@2@$0A@@std@@@std@@QEAA?AV?$_Tree_iterator@V?$_Tree_val@U?$_Tree_simple_types@U?$pair@$$CBV?$basic_string@DU?$char_traits@D@std@@V?$allocator@D@2@@std@@V12@@std@@@std@@@std@@@2@XZ 000000018000f760 f i Config.obj
 0001:0000e7c0       ?begin@?$basic_string@DU?$char_traits@D@std@@V?$allocator@D@2@@std@@QEAA?AV?$_String_iterator@V?$_String_val@U?$_Simple_types@D@std@@@std@@@2@XZ 000000018000f7c0 f i Config.obj
 0001:0000e820       ?c_str@?$basic_string@DU?$char_traits@D@std@@V?$allocator@D@2@@std@@QEBAPEBDXZ 000000018000f820 f i Config.obj
 0001:0000e860       ?capacity@?$vector@VController@@V?$allocator@VController@@@std@@@std@@QEBA_KXZ 000000018000f860 f i Config.obj
 0001:0000e890       ?clear@?$_Tree@V?$_Tmap_traits@V?$basic_string@DU?$char_traits@D@std@@V?$allocator@D@2@@std@@V12@UInsensitiveCompare@@V?$allocator@U?$pair@$$CBV?$basic_string@DU?$char_traits@D@std@@V?$allocator@D@2@@std@@V12@@std@@@2@$0A@@std@@@std@@QEAAXXZ 000000018000f890 f i Config.obj
 0001:0000e960       ?clear@?$basic_string@DU?$char_traits@D@std@@V?$allocator@D@2@@std@@QEAAXXZ 000000018000f960 f i Config.obj
 0001:0000e9a0       ?clear@?$list@VSection@SWIP@@V?$allocator@VSection@SWIP@@@std@@@std@@QEAAXXZ 000000018000f9a0 f i Config.obj
 0001:0000eaa0       ?clear@?$vector@VController@@V?$allocator@VController@@@std@@@std@@QEAAXXZ 000000018000faa0 f i Config.obj
 0001:0000eb20       ?copy@?$char_traits@D@std@@SAPEADPEADPEBD_K@Z 000000018000fb20 f i Config.obj
 0001:0000eba0       ?deallocate@?$_Wrap_alloc@V?$allocator@D@std@@@std@@QEAAXPEAD_K@Z 000000018000fba0 f i Config.obj
 0001:0000ec00       ?deallocate@?$_Wrap_alloc@V?$allocator@U?$_List_node@VSection@SWIP@@PEAX@std@@@std@@@std@@QEAAXPEAU?$_List_node@VSection@SWIP@@PEAX@2@_K@Z 000000018000fc00 f i Config.obj
 0001:0000ec60       ?deallocate@?$_Wrap_alloc@V?$allocator@U?$_Tree_node@U?$pair@$$CBV?$basic_string@DU?$char_traits@D@std@@V?$allocator@D@2@@std@@V12@@std@@PEAX@std@@@std@@@std@@QEAAXPEAU?$_Tree_node@U?$pair@$$CBV?$basic_string@DU?$char_traits@D@std@@V?$allocator@D@2@@std@@V12@@std@@PEAX@2@_K@Z 000000018000fc60 f i Config.obj
 0001:0000ecc0       ?deallocate@?$_Wrap_alloc@V?$allocator@U_Container_proxy@std@@@std@@@std@@QEAAXPEAU_Container_proxy@2@_K@Z 000000018000fcc0 f i Config.obj
 0001:0000ed20       ?deallocate@?$_Wrap_alloc@V?$allocator@V?$basic_string@DU?$char_traits@D@std@@V?$allocator@D@2@@std@@@std@@@std@@QEAAXPEAV?$basic_string@DU?$char_traits@D@std@@V?$allocator@D@2@@2@_K@Z 000000018000fd20 f i Config.obj
 0001:0000ed80       ?deallocate@?$_Wrap_alloc@V?$allocator@VController@@@std@@@std@@QEAAXPEAVController@@_K@Z 000000018000fd80 f i Config.obj
 0001:0000ede0       ?deallocate@?$_Wrap_alloc@V?$allocator@VInputHookDevice@@@std@@@std@@QEAAXPEAVInputHookDevice@@_K@Z 000000018000fde0 f i Config.obj
 0001:0000ee40       ?deallocate@?$allocator@D@std@@QEAAXPEAD_K@Z 000000018000fe40 f i Config.obj
 0001:0000ee90       ?deallocate@?$allocator@U?$_List_node@VSection@SWIP@@PEAX@std@@@std@@QEAAXPEAU?$_List_node@VSection@SWIP@@PEAX@2@_K@Z 000000018000fe90 f i Config.obj
 0001:0000eee0       ?deallocate@?$allocator@U?$_Tree_node@U?$pair@$$CBV?$basic_string@DU?$char_traits@D@std@@V?$allocator@D@2@@std@@V12@@std@@PEAX@std@@@std@@QEAAXPEAU?$_Tree_node@U?$pair@$$CBV?$basic_string@DU?$char_traits@D@std@@V?$allocator@D@2@@std@@V12@@std@@PEAX@2@_K@Z 000000018000fee0 f i Config.obj
 0001:0000ef30       ?deallocate@?$allocator@U_Container_proxy@std@@@std@@QEAAXPEAU_Container_proxy@2@_K@Z 000000018000ff30 f i Config.obj
 0001:0000ef80       ?deallocate@?$allocator@V?$basic_string@DU?$char_traits@D@std@@V?$allocator@D@2@@std@@@std@@QEAAXPEAV?$basic_string@DU?$char_traits@D@std@@V?$allocator@D@2@@2@_K@Z 000000018000ff80 f i Config.obj
 0001:0000efd0       ?deallocate@?$allocator@VController@@@std@@QEAAXPEAVController@@_K@Z 000000018000ffd0 f i Config.obj
 0001:0000f020       ?deallocate@?$allocator@VInputHookDevice@@@std@@QEAAXPEAVInputHookDevice@@_K@Z 0000000180010020 f i Config.obj
 0001:0000f070       ?end@?$_Tree@V?$_Tmap_traits@V?$basic_string@DU?$char_traits@D@std@@V?$allocator@D@2@@std@@V12@UInsensitiveCompare@@V?$allocator@U?$pair@$$CBV?$basic_string@DU?$char_traits@D@std@@V?$allocator@D@2@@std@@V12@@std@@@2@$0A@@std@@@std@@QEAA?AV?$_Tree_iterator@V?$_Tree_val@U?$_Tree_simple_types@U?$pair@$$CBV?$basic_string@DU?$char_traits@D@std@@V?$allocator@D@2@@std@@V12@@std@@@std@@@std@@@2@XZ 0000000180010070 f i Config.obj
 0001:0000f0d0       ?end@?$basic_string@DU?$char_traits@D@std@@V?$allocator@D@2@@std@@QEAA?AV?$_String_iterator@V?$_String_val@U?$_Simple_types@D@std@@@std@@@2@XZ 00000001800100d0 f i Config.obj
 0001:0000f140       ?end@?$vector@VController@@V?$allocator@VController@@@std@@@std@@QEAA?AV?$_Vector_iterator@V?$_Vector_val@U?$_Simple_types@VController@@@std@@@std@@@2@XZ 0000000180010140 f i Config.obj
 0001:0000f1a0       ?erase@?$_Tree@V?$_Tmap_traits@V?$basic_string@DU?$char_traits@D@std@@V?$allocator@D@2@@std@@V12@UInsensitiveCompare@@V?$allocator@U?$pair@$$CBV?$basic_string@DU?$char_traits@D@std@@V?$allocator@D@2@@std@@V12@@std@@@2@$0A@@std@@@std@@QEAA?AV?$_Tree_iterator@V?$_Tree_val@U?$_Tree_simple_types@U?$pair@$$CBV?$basic_string@DU?$char_traits@D@std@@V?$allocator@D@2@@std@@V12@@std@@@std@@@std@@@2@V?$_Tree_const_iterator@V?$_Tree_val@U?$_Tree_simple_types@U?$pair@$$CBV?$basic_string@DU?$char_traits@D@std@@V?$allocator@D@2@@std@@V12@@std@@@std@@@std@@@2@0@Z 00000001800101a0 f i Config.obj
 0001:0000f500       ?erase@?$_Tree@V?$_Tmap_traits@V?$basic_string@DU?$char_traits@D@std@@V?$allocator@D@2@@std@@V12@UInsensitiveCompare@@V?$allocator@U?$pair@$$CBV?$basic_string@DU?$char_traits@D@std@@V?$allocator@D@2@@std@@V12@@std@@@2@$0A@@std@@@std@@QEAA?AV?$_Tree_iterator@V?$_Tree_val@U?$_Tree_simple_types@U?$pair@$$CBV?$basic_string@DU?$char_traits@D@std@@V?$allocator@D@2@@std@@V12@@std@@@std@@@std@@@2@V?$_Tree_const_iterator@V?$_Tree_val@U?$_Tree_simple_types@U?$pair@$$CBV?$basic_string@DU?$char_traits@D@std@@V?$allocator@D@2@@std@@V12@@std@@@std@@@std@@@2@@Z 0000000180010500 f i Config.obj
 0001:00010020       ?erase@?$basic_string@DU?$char_traits@D@std@@V?$allocator@D@2@@std@@QEAAAEAV12@_K0@Z 0000000180011020 f i Config.obj
 0001:00010140       ?erase@?$basic_string@DU?$char_traits@D@std@@V?$allocator@D@2@@std@@QEAAAEAV12@_K@Z 0000000180011140 f i Config.obj
 0001:000101b0       ?get@?$unique_ptr@$$BY0A@DU?$default_delete@$$BY0A@D@std@@@std@@QEBAPEADXZ 00000001800111b0 f i Config.obj
 0001:000101d0       ?get_deleter@?$_Unique_ptr_base@DU?$default_delete@$$BY0A@D@std@@$00@std@@QEAAAEAU?$default_delete@$$BY0A@D@2@XZ 00000001800111d0 f i Config.obj
 0001:000101e0       ?insert@?$basic_string@DU?$char_traits@D@std@@V?$allocator@D@2@@std@@QEAA?AV?$_String_iterator@V?$_String_val@U?$_Simple_types@D@std@@@std@@@2@V?$_String_const_iterator@V?$_String_val@U?$_Simple_types@D@std@@@std@@@2@D@Z 00000001800111e0 f i Config.obj
 0001:000103e0       ?insert@?$basic_string@DU?$char_traits@D@std@@V?$allocator@D@2@@std@@QEAAAEAV12@_K0D@Z 00000001800113e0 f i Config.obj
 0001:00010560       ?length@?$char_traits@D@std@@SA_KPEBD@Z 0000000180011560 f i Config.obj
 0001:000105d0       ?max_size@?$_Wrap_alloc@V?$allocator@D@std@@@std@@QEBA_KXZ 00000001800115d0 f i Config.obj
 0001:00010610       ?max_size@?$_Wrap_alloc@V?$allocator@VController@@@std@@@std@@QEBA_KXZ 0000000180011610 f i Config.obj
 0001:00010650       ?max_size@?$allocator@D@std@@QEBA_KXZ 0000000180011650 f i Config.obj
 0001:00010670       ?max_size@?$allocator@VController@@@std@@QEBA_KXZ 0000000180011670 f i Config.obj
 0001:00010690       ?max_size@?$allocator_traits@V?$allocator@D@std@@@std@@SA_KAEBV?$allocator@D@2@@Z 0000000180011690 f i Config.obj
 0001:000106d0       ?max_size@?$allocator_traits@V?$allocator@VController@@@std@@@std@@SA_KAEBV?$allocator@VController@@@2@@Z 00000001800116d0 f i Config.obj
 0001:00010710       ?max_size@?$basic_string@DU?$char_traits@D@std@@V?$allocator@D@2@@std@@QEBA_KXZ 0000000180011710 f i Config.obj
 0001:00010790       ?max_size@?$vector@VController@@V?$allocator@VController@@@std@@@std@@QEBA_KXZ 0000000180011790 f i Config.obj
 0001:000107e0       ?move@?$char_traits@D@std@@SAPEADPEADPEBD_K@Z 00000001800117e0 f i Config.obj
 0001:00010860       ?push_back@?$basic_string@DU?$char_traits@D@std@@V?$allocator@D@2@@std@@QEAAXD@Z 0000000180011860 f i Config.obj
 0001:00010950       ?push_back@?$vector@VController@@V?$allocator@VController@@@std@@@std@@QEAAX$$QEAVController@@@Z 0000000180011950 f i Config.obj
 0001:00010b60       ?replace@?$basic_string@DU?$char_traits@D@std@@V?$allocator@D@2@@std@@QEAAAEAV12@V?$_String_const_iterator@V?$_String_val@U?$_Simple_types@D@std@@@std@@@2@0V?$_String_iterator@V?$_String_val@U?$_Simple_types@D@std@@@std@@@2@1@Z 0000000180011b60 f i Config.obj
 0001:00010ff0       ?replace@?$basic_string@DU?$char_traits@D@std@@V?$allocator@D@2@@std@@QEAAAEAV12@_K0AEBV12@00@Z 0000000180011ff0 f i Config.obj
 0001:00011730       ?replace@?$basic_string@DU?$char_traits@D@std@@V?$allocator@D@2@@std@@QEAAAEAV12@_K0PEBD0@Z 0000000180012730 f i Config.obj
 0001:00011a40       ?size@?$basic_string@DU?$char_traits@D@std@@V?$allocator@D@2@@std@@QEBA_KXZ 0000000180012a40 f i Config.obj
 0001:00011a60       ?size@?$vector@VController@@V?$allocator@VController@@@std@@@std@@QEBA_KXZ 0000000180012a60 f i Config.obj
 0001:00011a90       HRESULT_FROM_WIN32         0000000180012a90 f i Config.obj
 0001:00011af0       IsEqualGUID                0000000180012af0 f i Config.obj
 0001:00011b60       ??0Controller@@QEAA@I@Z    0000000180012b60 f   Controller.obj
 0001:00011c50       ??1Controller@@QEAA@XZ     0000000180012c50 f   Controller.obj
 0001:00011d20       ?GetState@Controller@@QEAAKPEAU_XINPUT_STATE@@@Z 0000000180012d20 f   Controller.obj
 0001:00013100       ?CreateDevice@Controller@@QEAAKXZ 0000000180014100 f   Controller.obj
 0001:00013710       ?EnumObjectsCallback@Controller@@CAHPEBUDIDEVICEOBJECTINSTANCEA@@PEAX@Z 0000000180014710 f   Controller.obj
 0001:00013820       ?ButtonPressed@Controller@@AEAA_NI@Z 0000000180014820 f   Controller.obj
 0001:000138a0       ?UpdateState@Controller@@AEAAJXZ 00000001800148a0 f   Controller.obj
 0001:00014130       ?ConvertToFloat@@YA?BMAEBF@Z 0000000180015130 f i Controller.obj
 0001:000141c0       ?ConvertToShort@@YA?BFAEBM@Z 00000001800151c0 f i Controller.obj
 0001:00014250       ?GetDirectInput@ControllerManager@@QEAAAEAPEAUIDirectInput8A@@XZ 0000000180015250 f i Controller.obj
 0001:00014270       ?GetWindow@ControllerManager@@QEAAAEAPEAUHWND__@@XZ 0000000180015270 f i Controller.obj
 0001:00014280       ?XInputEnabled@ControllerManager@@QEAA_NXZ 0000000180015280 f i Controller.obj
 0001:000142c0       ?abs@@YAMM@Z               00000001800152c0 f i Controller.obj
 0001:00014300       ?clamp@@YAAEBHAEBH00@Z     0000000180015300 f i Controller.obj
 0001:00014360       ?deadzone@@YAAEBHAEBH0000@Z 0000000180015360 f i Controller.obj
 0001:000143c0       ?sqrt@@YAMM@Z              00000001800153c0 f i Controller.obj
 0001:00014400       fabsf                      0000000180015400 f i Controller.obj
 0001:00014440       ?InitInstance@@YAXXZ       0000000180015440 f   dllmain.obj
 0001:00014770       Reset                      0000000180015770 f   dllmain.obj
 0001:000147e0       DllMain                    00000001800157e0 f   dllmain.obj
 0001:00014930       ?Console@Logger@@QEAA_NPEBD0@Z 0000000180015930 f i dllmain.obj
 0001:00014ab0       ?File@Logger@@QEAA_NAEBV?$basic_string@DU?$char_traits@D@std@@V?$allocator@D@2@@std@@@Z 0000000180015ab0 f i dllmain.obj
 0001:00014c20       ?GetConfig@ControllerManager@@QEAAAEAVConfig@@XZ 0000000180015c20 f i dllmain.obj
 0001:00014c40       ?LogConsole@@YAXPEBD0@Z    0000000180015c40 f i dllmain.obj
 0001:00014c90       ?LogFile@@YAXAEBV?$basic_string@DU?$char_traits@D@std@@V?$allocator@D@2@@std@@@Z 0000000180015c90 f i dllmain.obj
 0001:00014ce0       ??0ForceFeedback@@QEAA@PEAVController@@@Z 0000000180015ce0 f   ForceFeedback.obj
 0001:00014da0       ??1ForceFeedback@@UEAA@XZ  0000000180015da0 f   ForceFeedback.obj
 0001:00014df0       ?Shutdown@ForceFeedback@@QEAAXXZ 0000000180015df0 f   ForceFeedback.obj
 0001:00014f70       ?SetState@ForceFeedback@@QEAA_NPEAU_XINPUT_VIBRATION@@@Z 0000000180015f70 f   ForceFeedback.obj
 0001:00015020       ?EnumFFAxesCallback@ForceFeedback@@CAHPEBUDIDEVICEOBJECTINSTANCEA@@PEAX@Z 0000000180016020 f   ForceFeedback.obj
 0001:00015080       ?EnumEffectsCallback@ForceFeedback@@CAHPEBUDIEFFECTINFOA@@PEAX@Z 0000000180016080 f   ForceFeedback.obj
 0001:000151d0       ?IsSupported@ForceFeedback@@AEAA_NXZ 00000001800161d0 f   ForceFeedback.obj
 0001:000154f0       ?StartEffects@ForceFeedback@@AEAAXPEAUDIEFFECT@@@Z 00000001800164f0 f   ForceFeedback.obj
 0001:00015770       ?SetDeviceForcesEjocys@ForceFeedback@@AEAA_NPEAU_XINPUT_VIBRATION@@@Z 0000000180016770 f   ForceFeedback.obj
 0001:00015bb0       ?SetDeviceForcesNew@ForceFeedback@@AEAA_NPEAU_XINPUT_VIBRATION@@@Z 0000000180016bb0 f   ForceFeedback.obj
 0001:00015f50       ?SetDeviceForcesFailsafe@ForceFeedback@@AEAA_NPEAU_XINPUT_VIBRATION@@@Z 0000000180016f50 f   ForceFeedback.obj
 0001:00016770       ??$?RAEBGAEBG@?$less@X@std@@QEBA_NAEBG0@Z 0000000180017770 f i ForceFeedback.obj
 0001:000167e0       ??$_Allocate@PEAUIDirectInputEffect@@@std@@YAPEAPEAUIDirectInputEffect@@_KPEAPEAU1@@Z 00000001800177e0 f i ForceFeedback.obj
 0001:00016880       ??$_Debug_lt@AEBGAEBG@std@@YA_NAEBG0PEB_WI@Z 0000000180017880 f i ForceFeedback.obj
 0001:00016920       ??$_Debug_lt_pred@U?$less@X@std@@AEBGAEBG@std@@YA_NU?$less@X@0@AEBG1PEB_WI@Z 0000000180017920 f i ForceFeedback.obj
 0001:00016a10       ??$_Debug_pointer@PEAUIDirectInputEffect@@@std@@YAXPEAPEAUIDirectInputEffect@@PEB_WI@Z 0000000180017a10 f i ForceFeedback.obj
 0001:00016a70       ??$_Debug_range2@PEAPEAUIDirectInputEffect@@@std@@YAXPEAPEAUIDirectInputEffect@@0PEB_WIUrandom_access_iterator_tag@0@@Z 0000000180017a70 f i ForceFeedback.obj
 0001:00016b20       ??$_Debug_range@PEAPEAUIDirectInputEffect@@@std@@YAXPEAPEAUIDirectInputEffect@@0PEB_WI@Z 0000000180017b20 f i ForceFeedback.obj
 0001:00016ba0       ??$_Destroy_range@U?$_Wrap_alloc@V?$allocator@PEAUIDirectInputEffect@@@std@@@std@@@std@@YAXPEAPEAUIDirectInputEffect@@0AEAU?$_Wrap_alloc@V?$allocator@PEAUIDirectInputEffect@@@std@@@0@@Z 0000000180017ba0 f i ForceFeedback.obj
 0001:00016c20       ??$_Destroy_range@U?$_Wrap_alloc@V?$allocator@PEAUIDirectInputEffect@@@std@@@std@@@std@@YAXPEAPEAUIDirectInputEffect@@0AEAU?$_Wrap_alloc@V?$allocator@PEAUIDirectInputEffect@@@std@@@0@U_Scalar_ptr_iterator_tag@0@@Z 0000000180017c20 f i ForceFeedback.obj
 0001:00016c40       ??$_Iter_cat@PEAPEAUIDirectInputEffect@@@std@@YA?AUrandom_access_iterator_tag@0@AEBQEAPEAUIDirectInputEffect@@@Z 0000000180017c40 f i ForceFeedback.obj
 0001:00016cb0       ??$_Ptr_cat@PEAUIDirectInputEffect@@PEAU1@@std@@YA?AU_Scalar_ptr_iterator_tag@0@PEAPEAUIDirectInputEffect@@0@Z 0000000180017cb0 f i ForceFeedback.obj
 0001:00016d10       ??$_Rechecked@PEAPEAUIDirectInputEffect@@PEAPEAU1@@std@@YAAEAPEAPEAUIDirectInputEffect@@AEAPEAPEAU1@PEAPEAU1@@Z 0000000180017d10 f i ForceFeedback.obj
 0001:00016d40       ??$_Umove@PEAPEAUIDirectInputEffect@@@?$vector@PEAUIDirectInputEffect@@V?$allocator@PEAUIDirectInputEffect@@@std@@@std@@IEAAPEAPEAUIDirectInputEffect@@PEAPEAU2@00@Z 0000000180017d40 f i ForceFeedback.obj
 0001:00016df0       ??$_Unchecked@PEAPEAUIDirectInputEffect@@@std@@YAPEAPEAUIDirectInputEffect@@PEAPEAU1@@Z 0000000180017df0 f i ForceFeedback.obj
 0001:00016e00       ??$_Uninit_move@PEAPEAUIDirectInputEffect@@PEAPEAU1@U?$_Wrap_alloc@V?$allocator@PEAUIDirectInputEffect@@@std@@@std@@@std@@YAPEAPEAUIDirectInputEffect@@PEAPEAU1@00AEAU?$_Wrap_alloc@V?$allocator@PEAUIDirectInputEffect@@@std@@@0@@Z 0000000180017e00 f i ForceFeedback.obj
 0001:00016ea0       ??$_Uninit_move@PEAUIDirectInputEffect@@PEAU1@PEAU1@@std@@YAPEAPEAUIDirectInputEffect@@PEAPEAU1@00AEAU?$_Wrap_alloc@V?$allocator@PEAUIDirectInputEffect@@@std@@@0@0U_Scalar_ptr_iterator_tag@0@@Z 0000000180017ea0 f i ForceFeedback.obj
 0001:00016f70       ??$_Uninitialized_move@PEAPEAUIDirectInputEffect@@PEAPEAU1@U?$_Wrap_alloc@V?$allocator@PEAUIDirectInputEffect@@@std@@@std@@@std@@YAPEAPEAUIDirectInputEffect@@PEAPEAU1@00AEAU?$_Wrap_alloc@V?$allocator@PEAUIDirectInputEffect@@@std@@@0@@Z 0000000180017f70 f i ForceFeedback.obj
 0001:00017020       ??$_Val_type@PEAPEAUIDirectInputEffect@@@std@@YAPEAPEAUIDirectInputEffect@@PEAPEAU1@@Z 0000000180018020 f i ForceFeedback.obj
 0001:00017030       ??$addressof@QEAUIDirectInputEffect@@@std@@YAPEBQEAUIDirectInputEffect@@AEBQEAU1@@Z 0000000180018030 f i ForceFeedback.obj
 0001:00017040       ??$construct@PEAUIDirectInputEffect@@AEAPEAU1@@?$_Wrap_alloc@V?$allocator@PEAUIDirectInputEffect@@@std@@@std@@QEAAXPEAPEAUIDirectInputEffect@@AEAPEAU2@@Z 0000000180018040 f i ForceFeedback.obj
[...]
 0005:000001c0       __imp_EncodePointer        000000018008a1c0     kernel32:KERNEL32.dll
 0005:000001c8       __imp_SetLastError         000000018008a1c8     kernel32:KERNEL32.dll
 0005:000001d0       __imp_LoadLibraryExW       000000018008a1d0     kernel32:KERNEL32.dll
 0005:000001d8       __imp_LoadLibraryExA       000000018008a1d8     kernel32:KERNEL32.dll
 0005:000001e0       __imp_GetModuleHandleExW   000000018008a1e0     kernel32:KERNEL32.dll
 0005:000001e8       __imp_GetModuleHandleW     000000018008a1e8     kernel32:KERNEL32.dll
 0005:000001f0       __imp_Sleep                000000018008a1f0     kernel32:KERNEL32.dll
 0005:000001f8       __imp_VerifyVersionInfoA   000000018008a1f8     kernel32:KERNEL32.dll
 0005:00000200       __imp_GetNativeSystemInfo  000000018008a200     kernel32:KERNEL32.dll
 0005:00000208       __imp_VerSetConditionMask  000000018008a208     kernel32:KERNEL32.dll
 0005:00000210       __imp_WritePrivateProfileSectionA 000000018008a210     kernel32:KERNEL32.dll
 0005:00000218       __imp_GetPrivateProfileSectionA 000000018008a218     kernel32:KERNEL32.dll
 0005:00000220       __imp_LoadLibraryW         000000018008a220     kernel32:KERNEL32.dll
 0005:00000228       __imp_LoadLibraryA         000000018008a228     kernel32:KERNEL32.dll
 0005:00000230       __imp_GetModuleFileNameW   000000018008a230     kernel32:KERNEL32.dll
 0005:00000238       __imp_GetModuleFileNameA   000000018008a238     kernel32:KERNEL32.dll
 0005:00000240       __imp_GetSystemDirectoryW  000000018008a240     kernel32:KERNEL32.dll
 0005:00000248       __imp_GetSystemDirectoryA  000000018008a248     kernel32:KERNEL32.dll
 0005:00000250       __imp_WideCharToMultiByte  000000018008a250     kernel32:KERNEL32.dll
 0005:00000258       __imp_MultiByteToWideChar  000000018008a258     kernel32:KERNEL32.dll
 0005:00000260       __imp_VirtualFree          000000018008a260     kernel32:KERNEL32.dll
 0005:00000268       \177KERNEL32_NULL_THUNK_DATA 000000018008a268     kernel32:KERNEL32.dll
 0005:00000328       __imp_??0?$basic_ios@DU?$char_traits@D@std@@@std@@IEAA@XZ 000000018008a328     msvcprtd:MSVCP120D.dll
 0005:00000330       __imp_?_Osfx@?$basic_ostream@DU?$char_traits@D@std@@@std@@QEAAXXZ 000000018008a330     msvcprtd:MSVCP120D.dll
 0005:00000338       __imp_?flush@?$basic_ostream@DU?$char_traits@D@std@@@std@@QEAAAEAV12@XZ 000000018008a338     msvcprtd:MSVCP120D.dll
 0005:00000340       __imp_??0?$basic_iostream@DU?$char_traits@D@std@@@std@@QEAA@PEAV?$basic_streambuf@DU?$char_traits@D@std@@@1@@Z 000000018008a340     msvcprtd:MSVCP120D.dll
 0005:00000348       __imp_??1?$basic_iostream@DU?$char_traits@D@std@@@std@@UEAA@XZ 000000018008a348     msvcprtd:MSVCP120D.dll
 0005:00000350       __imp_?_Lock@?$basic_streambuf@DU?$char_traits@D@std@@@std@@UEAAXXZ 000000018008a350     msvcprtd:MSVCP120D.dll
 0005:00000358       __imp_?_Unlock@?$basic_streambuf@DU?$char_traits@D@std@@@std@@UEAAXXZ 000000018008a358     msvcprtd:MSVCP120D.dll
 0005:00000360       __imp_?imbue@?$basic_streambuf@DU?$char_traits@D@std@@@std@@MEAAXAEBVlocale@2@@Z 000000018008a360     msvcprtd:MSVCP120D.dll
 0005:00000368       __imp_?setbuf@?$basic_streambuf@DU?$char_traits@D@std@@@std@@MEAAPEAV12@PEAD_J@Z 000000018008a368     msvcprtd:MSVCP120D.dll
 0005:00000370       __imp_?showmanyc@?$basic_streambuf@DU?$char_traits@D@std@@@std@@MEAA_JXZ 000000018008a370     msvcprtd:MSVCP120D.dll
 0005:00000378       __imp_?sync@?$basic_streambuf@DU?$char_traits@D@std@@@std@@MEAAHXZ 000000018008a378     msvcprtd:MSVCP120D.dll
 0005:00000380       __imp_?uflow@?$basic_streambuf@DU?$char_traits@D@std@@@std@@MEAAHXZ 000000018008a380     msvcprtd:MSVCP120D.dll
 0005:00000388       __imp_?xsgetn@?$basic_streambuf@DU?$char_traits@D@std@@@std@@MEAA_JPEAD_J@Z 000000018008a388     msvcprtd:MSVCP120D.dll
 0005:00000390       __imp_?xsputn@?$basic_streambuf@DU?$char_traits@D@std@@@std@@MEAA_JPEBD_J@Z 000000018008a390     msvcprtd:MSVCP120D.dll
 0005:00000398       __imp_?_BADOFF@std@@3_JB   000000018008a398     msvcprtd:MSVCP120D.dll
 0005:000003a0       __imp_?uncaught_exception@std@@YA_NXZ 000000018008a3a0     msvcprtd:MSVCP120D.dll
 0005:000003a8       __imp_?_Swap_all@_Container_base12@std@@QEAAXAEAU12@@Z 000000018008a3a8     msvcprtd:MSVCP120D.dll
 0005:000003b0       __imp_?good@ios_base@std@@QEBA_NXZ 000000018008a3b0     msvcprtd:MSVCP120D.dll
 0005:000003b8       __imp_?flags@ios_base@std@@QEBAHXZ 000000018008a3b8     msvcprtd:MSVCP120D.dll
 0005:000003c0       __imp_?width@ios_base@std@@QEBA_JXZ 000000018008a3c0     msvcprtd:MSVCP120D.dll
 0005:000003c8       __imp_?width@ios_base@std@@QEAA_J_J@Z 000000018008a3c8     msvcprtd:MSVCP120D.dll
 0005:000003d0       __imp_??0?$basic_streambuf@DU?$char_traits@D@std@@@std@@IEAA@XZ 000000018008a3d0     msvcprtd:MSVCP120D.dll
 0005:000003d8       __imp_??1?$basic_streambuf@DU?$char_traits@D@std@@@std@@UEAA@XZ 000000018008a3d8     msvcprtd:MSVCP120D.dll
 0005:000003e0       __imp_?sputc@?$basic_streambuf@DU?$char_traits@D@std@@@std@@QEAAHD@Z 000000018008a3e0     msvcprtd:MSVCP120D.dll
 0005:000003e8       __imp_?sputn@?$basic_streambuf@DU?$char_traits@D@std@@@std@@QEAA_JPEBD_J@Z 000000018008a3e8     msvcprtd:MSVCP120D.dll
 0005:000003f0       __imp_?eback@?$basic_streambuf@DU?$char_traits@D@std@@@std@@IEBAPEADXZ 000000018008a3f0     msvcprtd:MSVCP120D.dll
 0005:000003f8       __imp_?gptr@?$basic_streambuf@DU?$char_traits@D@std@@@std@@IEBAPEADXZ 000000018008a3f8     msvcprtd:MSVCP120D.dll
 0005:00000400       __imp_?pbase@?$basic_streambuf@DU?$char_traits@D@std@@@std@@IEBAPEADXZ 000000018008a400     msvcprtd:MSVCP120D.dll
 0005:00000408       __imp_?pptr@?$basic_streambuf@DU?$char_traits@D@std@@@std@@IEBAPEADXZ 000000018008a408     msvcprtd:MSVCP120D.dll
 0005:00000410       __imp_?egptr@?$basic_streambuf@DU?$char_traits@D@std@@@std@@IEBAPEADXZ 000000018008a410     msvcprtd:MSVCP120D.dll
 0005:00000418       __imp_?gbump@?$basic_streambuf@DU?$char_traits@D@std@@@std@@IEAAXH@Z 000000018008a418     msvcprtd:MSVCP120D.dll
 0005:00000420       __imp_?setg@?$basic_streambuf@DU?$char_traits@D@std@@@std@@IEAAXPEAD00@Z 000000018008a420     msvcprtd:MSVCP120D.dll
 0005:00000428       __imp_?epptr@?$basic_streambuf@DU?$char_traits@D@std@@@std@@IEBAPEADXZ 000000018008a428     msvcprtd:MSVCP120D.dll
 0005:00000430       __imp_?pbump@?$basic_streambuf@DU?$char_traits@D@std@@@std@@IEAAXH@Z 000000018008a430     msvcprtd:MSVCP120D.dll
 0005:00000438       __imp_?setp@?$basic_streambuf@DU?$char_traits@D@std@@@std@@IEAAXPEAD0@Z 000000018008a438     msvcprtd:MSVCP120D.dll
 0005:00000440       __imp_?setp@?$basic_streambuf@DU?$char_traits@D@std@@@std@@IEAAXPEAD00@Z 000000018008a440     msvcprtd:MSVCP120D.dll
 0005:00000448       __imp_?_Pninc@?$basic_streambuf@DU?$char_traits@D@std@@@std@@IEAAPEADXZ 000000018008a448     msvcprtd:MSVCP120D.dll
 0005:00000450       __imp_??1?$basic_ios@DU?$char_traits@D@std@@@std@@UEAA@XZ 000000018008a450     msvcprtd:MSVCP120D.dll
 0005:00000458       __imp_?setstate@?$basic_ios@DU?$char_traits@D@std@@@std@@QEAAXH_N@Z 000000018008a458     msvcprtd:MSVCP120D.dll
 0005:00000460       __imp_?tie@?$basic_ios@DU?$char_traits@D@std@@@std@@QEBAPEAV?$basic_ostream@DU?$char_traits@D@std@@@2@XZ 000000018008a460     msvcprtd:MSVCP120D.dll
 0005:00000468       __imp_?rdbuf@?$basic_ios@DU?$char_traits@D@std@@@std@@QEBAPEAV?$basic_streambuf@DU?$char_traits@D@std@@@2@XZ 000000018008a468     msvcprtd:MSVCP120D.dll
 0005:00000470       __imp_?_Syserror_map@std@@YAPEBDH@Z 000000018008a470     msvcprtd:MSVCP120D.dll
 0005:00000478       __imp_??0id@locale@std@@QEAA@_K@Z 000000018008a478     msvcprtd:MSVCP120D.dll
 0005:00000480       __imp_?_Xout_of_range@std@@YAXPEBD@Z 000000018008a480     msvcprtd:MSVCP120D.dll
 0005:00000488       __imp_?fill@?$basic_ios@DU?$char_traits@D@std@@@std@@QEBADXZ 000000018008a488     msvcprtd:MSVCP120D.dll
 0005:00000490       __imp_?_Xlength_error@std@@YAXPEBD@Z 000000018008a490     msvcprtd:MSVCP120D.dll
 0005:00000498       __imp_?_Xbad_alloc@std@@YAXXZ 000000018008a498     msvcprtd:MSVCP120D.dll
 0005:000004a0       __imp_?_Orphan_all@_Container_base12@std@@QEAAXXZ 000000018008a4a0     msvcprtd:MSVCP120D.dll
 0005:000004a8       __imp_?_Getpfirst@_Container_base12@std@@QEBAPEAPEAU_Iterator_base12@2@XZ 000000018008a4a8     msvcprtd:MSVCP120D.dll
 0005:000004b0       __imp_??1_Container_base12@std@@QEAA@XZ 000000018008a4b0     msvcprtd:MSVCP120D.dll
 0005:000004b8       __imp_??0_Container_base12@std@@QEAA@XZ 000000018008a4b8     msvcprtd:MSVCP120D.dll
 0005:000004c0       __imp_?_Debug_message@std@@YAXPEB_W0I@Z 000000018008a4c0     msvcprtd:MSVCP120D.dll
 0005:000004c8       __imp_??1_Lockit@std@@QEAA@XZ 000000018008a4c8     msvcprtd:MSVCP120D.dll
 0005:000004d0       __imp_??0_Lockit@std@@QEAA@H@Z 000000018008a4d0     msvcprtd:MSVCP120D.dll
 0005:000004d8       __imp_?_Winerror_map@std@@YAPEBDH@Z 000000018008a4d8     msvcprtd:MSVCP120D.dll
 0005:000004e0       \177MSVCP120D_NULL_THUNK_DATA 000000018008a4e0     msvcprtd:MSVCP120D.dll
 0005:00000590       __imp__endthreadex         000000018008a590     MSVCRTD:MSVCR120D.dll
 0005:00000598       __imp_towlower             000000018008a598     MSVCRTD:MSVCR120D.dll
 0005:000005a0       __imp_tolower              000000018008a5a0     MSVCRTD:MSVCR120D.dll
 0005:000005a8       __imp_wcsrchr              000000018008a5a8     MSVCRTD:MSVCR120D.dll
 0005:000005b0       __imp_wcsstr               000000018008a5b0     MSVCRTD:MSVCR120D.dll
 0005:000005b8       __imp_strcpy_s             000000018008a5b8     MSVCRTD:MSVCR120D.dll
 0005:000005c0       __imp_wcscpy_s             000000018008a5c0     MSVCRTD:MSVCR120D.dll
 0005:000005c8       __imp__lock                000000018008a5c8     MSVCRTD:MSVCR120D.dll
 0005:000005d0       __imp__beginthreadex       000000018008a5d0     MSVCRTD:MSVCR120D.dll
 0005:000005d8       __imp__calloc_dbg          000000018008a5d8     MSVCRTD:MSVCR120D.dll
 0005:000005e0       __imp___dllonexit          000000018008a5e0     MSVCRTD:MSVCR120D.dll
 0005:000005e8       __imp___C_specific_handler 000000018008a5e8     MSVCRTD:MSVCR120D.dll
 0005:000005f0       __imp__onexit              000000018008a5f0     MSVCRTD:MSVCR120D.dll
 0005:000005f8       __imp__CRT_RTC_INITW       000000018008a5f8     MSVCRTD:MSVCR120D.dll
 0005:00000600       __imp___crt_debugger_hook  000000018008a600     MSVCRTD:MSVCR120D.dll
 0005:00000608       __imp___crtUnhandledException 000000018008a608     MSVCRTD:MSVCR120D.dll
 0005:00000610       __imp___crtTerminateProcess 000000018008a610     MSVCRTD:MSVCR120D.dll
 0005:00000618       __imp___crtCaptureCurrentContext 000000018008a618     MSVCRTD:MSVCR120D.dll
 0005:00000620       __imp___crtCapturePreviousContext 000000018008a620     MSVCRTD:MSVCR120D.dll
 0005:00000628       __imp___CppXcptFilter      000000018008a628     MSVCRTD:MSVCR120D.dll
 0005:00000630       __imp__amsg_exit           000000018008a630     MSVCRTD:MSVCR120D.dll
 0005:00000638       __imp__malloc_dbg          000000018008a638     MSVCRTD:MSVCR120D.dll
 0005:00000640       __imp__free_dbg            000000018008a640     MSVCRTD:MSVCR120D.dll
 0005:00000648       __imp__CrtSetCheckCount    000000018008a648     MSVCRTD:MSVCR120D.dll
 0005:00000650       __imp__initterm            000000018008a650     MSVCRTD:MSVCR120D.dll
 0005:00000658       __imp__initterm_e          000000018008a658     MSVCRTD:MSVCR120D.dll
 0005:00000660       __imp_?terminate@@YAXXZ    000000018008a660     MSVCRTD:MSVCR120D.dll
 0005:00000668       __imp_?_type_info_dtor_internal_method@type_info@@QEAAXXZ 000000018008a668     MSVCRTD:MSVCR120D.dll
 0005:00000670       __imp___clean_type_info_names_internal 000000018008a670     MSVCRTD:MSVCR120D.dll
 0005:00000678       __imp__wmakepath_s         000000018008a678     MSVCRTD:MSVCR120D.dll
 0005:00000680       __imp__wsplitpath_s        000000018008a680     MSVCRTD:MSVCR120D.dll
 0005:00000688       __imp_memchr               000000018008a688     MSVCRTD:MSVCR120D.dll
 0005:00000690       __imp_wcschr               000000018008a690     MSVCRTD:MSVCR120D.dll
 0005:00000698       __imp_strchr               000000018008a698     MSVCRTD:MSVCR120D.dll
 0005:000006a0       __imp_swscanf_s            000000018008a6a0     MSVCRTD:MSVCR120D.dll
 0005:000006a8       __imp_swprintf_s           000000018008a6a8     MSVCRTD:MSVCR120D.dll
 0005:000006b0       __imp_sscanf_s             000000018008a6b0     MSVCRTD:MSVCR120D.dll
 0005:000006b8       __imp__create_locale       000000018008a6b8     MSVCRTD:MSVCR120D.dll
 0005:000006c0       __imp_wcslen               000000018008a6c0     MSVCRTD:MSVCR120D.dll
 0005:000006c8       __imp__local_unwind        000000018008a6c8     MSVCRTD:MSVCR120D.dll
 0005:000006d0       __imp__stricmp             000000018008a6d0     MSVCRTD:MSVCR120D.dll
 0005:000006d8       __imp_strtoull             000000018008a6d8     MSVCRTD:MSVCR120D.dll
 0005:000006e0       __imp_strtoul              000000018008a6e0     MSVCRTD:MSVCR120D.dll
 0005:000006e8       __imp_strtoll              000000018008a6e8     MSVCRTD:MSVCR120D.dll
 0005:000006f0       __imp_strtol               000000018008a6f0     MSVCRTD:MSVCR120D.dll
 0005:000006f8       __imp_strtod               000000018008a6f8     MSVCRTD:MSVCR120D.dll
 0005:00000700       __imp__errno               000000018008a700     MSVCRTD:MSVCR120D.dll
 0005:00000708       __imp__vscwprintf          000000018008a708     MSVCRTD:MSVCR120D.dll
 0005:00000710       __imp__vsnwprintf_s        000000018008a710     MSVCRTD:MSVCR120D.dll
 0005:00000718       __imp__vsnprintf_s_l       000000018008a718     MSVCRTD:MSVCR120D.dll
 0005:00000720       __imp_sprintf_s            000000018008a720     MSVCRTD:MSVCR120D.dll
 0005:00000728       __imp__hypot               000000018008a728     MSVCRTD:MSVCR120D.dll
 0005:00000730       __imp__purecall            000000018008a730     MSVCRTD:MSVCR120D.dll
 0005:00000738       __imp_sqrtf                000000018008a738     MSVCRTD:MSVCR120D.dll
 0005:00000740       __imp_fabs                 000000018008a740     MSVCRTD:MSVCR120D.dll
 0005:00000748       __imp_abs                  000000018008a748     MSVCRTD:MSVCR120D.dll
 0005:00000750       __imp___CxxFrameHandler3   000000018008a750     MSVCRTD:MSVCR120D.dll
 0005:00000758       __imp__CxxThrowException   000000018008a758     MSVCRTD:MSVCR120D.dll
 0005:00000760       __imp__CrtDbgReportW       000000018008a760     MSVCRTD:MSVCR120D.dll
 0005:00000768       __imp_??_V@YAXPEAX@Z       000000018008a768     MSVCRTD:MSVCR120D.dll
 0005:00000770       __imp_memmove              000000018008a770     MSVCRTD:MSVCR120D.dll
 0005:00000778       __imp_strlen               000000018008a778     MSVCRTD:MSVCR120D.dll
 0005:00000780       __imp_memset               000000018008a780     MSVCRTD:MSVCR120D.dll
 0005:00000788       __imp_memcpy               000000018008a788     MSVCRTD:MSVCR120D.dll
 0005:00000790       __imp_memcmp               000000018008a790     MSVCRTD:MSVCR120D.dll
 0005:00000798       __imp__vscprintf           000000018008a798     MSVCRTD:MSVCR120D.dll
 0005:000007a0       __imp_exit                 000000018008a7a0     MSVCRTD:MSVCR120D.dll
 0005:000007a8       __imp__invalid_parameter   000000018008a7a8     MSVCRTD:MSVCR120D.dll
 0005:000007b0       __imp_??3@YAXPEAX@Z        000000018008a7b0     MSVCRTD:MSVCR120D.dll
 0005:000007b8       __imp_??2@YAPEAX_K@Z       000000018008a7b8     MSVCRTD:MSVCR120D.dll
 0005:000007c0       __imp__unlock              000000018008a7c0     MSVCRTD:MSVCR120D.dll
 0005:000007c8       __imp_strtof               000000018008a7c8     MSVCRTD:MSVCR120D.dll
 0005:000007d0       \177MSVCR120D_NULL_THUNK_DATA 000000018008a7d0     MSVCRTD:MSVCR120D.dll
 0005:00000898       __imp_SysReAllocString     000000018008a898     oleaut32:OLEAUT32.dll
 0005:000008a0       \177OLEAUT32_NULL_THUNK_DATA 000000018008a8a0     oleaut32:OLEAUT32.dll
 0005:000008f8       __imp_SetupDiGetDeviceInstanceIdW 000000018008a8f8     Setupapi:SETUPAPI.dll
 0005:00000900       \177SETUPAPI_NULL_THUNK_DATA 000000018008a900     Setupapi:SETUPAPI.dll
 0005:00000958       __imp_SHGetFolderPathA     000000018008a958     shell32:SHELL32.dll
 0005:00000960       \177SHELL32_NULL_THUNK_DATA 000000018008a960     shell32:SHELL32.dll
 0005:000009b8       __imp_PathRemoveFileSpecA  000000018008a9b8     Shlwapi:SHLWAPI.dll
 0005:000009c0       __imp_PathAppendA          000000018008a9c0     Shlwapi:SHLWAPI.dll
 0005:000009c8       __imp_PathCombineA         000000018008a9c8     Shlwapi:SHLWAPI.dll
 0005:000009d0       __imp_PathCombineW         000000018008a9d0     Shlwapi:SHLWAPI.dll
 0005:000009d8       __imp_PathFindFileNameA    000000018008a9d8     Shlwapi:SHLWAPI.dll
 0005:000009e0       __imp_PathRemoveFileSpecW  000000018008a9e0     Shlwapi:SHLWAPI.dll
 0005:000009e8       __imp_PathIsRelativeA      000000018008a9e8     Shlwapi:SHLWAPI.dll
 0005:000009f0       __imp_PathFindFileNameW    000000018008a9f0     Shlwapi:SHLWAPI.dll
 0005:000009f8       \177SHLWAPI_NULL_THUNK_DATA 000000018008a9f8     Shlwapi:SHLWAPI.dll
 0005:00000a58       __imp_CreateWindowExA      000000018008aa58     user32:USER32.dll
 0005:00000a60       __imp_DestroyWindow        000000018008aa60     user32:USER32.dll
 0005:00000a68       __imp_MessageBoxA          000000018008aa68     user32:USER32.dll
 0005:00000a70       __imp_ShowWindow           000000018008aa70     user32:USER32.dll
 0005:00000a78       __imp_MessageBeep          000000018008aa78     user32:USER32.dll
 0005:00000a80       __imp_GetSystemMetrics     000000018008aa80     user32:USER32.dll
 0005:00000a88       \177USER32_NULL_THUNK_DATA 000000018008aa88     user32:USER32.dll
 0005:00000ae8       __imp_WinVerifyTrust       000000018008aae8     wintrust:WINTRUST.dll
 0005:00000af0       \177WINTRUST_NULL_THUNK_DATA 000000018008aaf0     wintrust:WINTRUST.dll
 0005:00000b48       __imp_CoGetClassObject     000000018008ab48     ole32:ole32.dll
 0005:00000b50       __imp_CoCreateInstance     000000018008ab50     ole32:ole32.dll
 0005:00000b58       __imp_CoCreateInstanceEx   000000018008ab58     ole32:ole32.dll
 0005:00000b60       __imp_CoUninitialize       000000018008ab60     ole32:ole32.dll
 0005:00000b68       \177ole32_NULL_THUNK_DATA  000000018008ab68     ole32:ole32.dll
 0005:00000bc0       __IMPORT_DESCRIPTOR_DINPUT8 000000018008abc0     dinput8:DINPUT8.dll
 0005:00000bd4       __IMPORT_DESCRIPTOR_KERNEL32 000000018008abd4     kernel32:KERNEL32.dll
 0005:00000be8       __IMPORT_DESCRIPTOR_USER32 000000018008abe8     user32:USER32.dll
 0005:00000bfc       __IMPORT_DESCRIPTOR_MSVCP120D 000000018008abfc     msvcprtd:MSVCP120D.dll
 0005:00000c10       __IMPORT_DESCRIPTOR_MSVCR120D 000000018008ac10     MSVCRTD:MSVCR120D.dll
 0005:00000c24       __IMPORT_DESCRIPTOR_SETUPAPI 000000018008ac24     Setupapi:SETUPAPI.dll
 0005:00000c38       __IMPORT_DESCRIPTOR_WINTRUST 000000018008ac38     wintrust:WINTRUST.dll
 0005:00000c4c       __IMPORT_DESCRIPTOR_SHLWAPI 000000018008ac4c     Shlwapi:SHLWAPI.dll
 0005:00000c60       __IMPORT_DESCRIPTOR_SHELL32 000000018008ac60     shell32:SHELL32.dll
 0005:00000c74       __IMPORT_DESCRIPTOR_ole32  000000018008ac74     ole32:ole32.dll
 0005:00000c88       __IMPORT_DESCRIPTOR_OLEAUT32 000000018008ac88     oleaut32:OLEAUT32.dll
 0005:00000c9c       __NULL_IMPORT_DESCRIPTOR   000000018008ac9c     dinput8:DINPUT8.dll

 entry point at        0001:00040560


 Exports

  ordinal    name

        1    DllMain
        2    XInputGetState
        3    XInputSetState
        4    XInputGetCapabilities
        5    XInputEnable
        6    XInputGetDSoundAudioDeviceGuids
        7    XInputGetBatteryInformation
        8    XInputGetKeystroke
       10    XInputGetAudioDeviceIds
      100    XInputGetStateEx
      101    XInputWaitForGuideButton
      102    XInputCancelGuideButtonWait
      103    XInputPowerOffController
      104    XInputGetBaseBusInformation
      108    XInputGetCapabilitiesEx
      256    Reset
